04-28 10:28:53.856  1216  1240 I TestRunner: started: test01(app.identifier.IdentifierUITest)
04-28 10:28:53.861  1216  1240 W Settings: Setting always_finish_activities has moved from android.provider.Settings.System to android.provider.Settings.Global, returning read-only value.
04-28 10:28:53.891  1242  1242 I identifier.tes: Late-enabling -Xcheck:jni
04-28 10:28:53.906  1242  1242 W identifier.tes: Unexpected CPU variant for X86 using defaults: x86
04-28 10:28:53.926  1641  2201 D gralloc_ranchu: gralloc_alloc: Creating ashmem region of size 7753728
04-28 10:28:53.932  1242  1242 I identifier.tes: The ClassLoaderContext is a special shared library.
04-28 10:28:53.932  1242  1242 I identifier.tes: The ClassLoaderContext is a special shared library.
04-28 10:28:53.988  1641  2201 D gralloc_ranchu: gralloc_alloc: Creating ashmem region of size 7753728
04-28 10:28:53.998  1216  1216 W ActivityThread: handleWindowVisibility: no activity for token android.os.BinderProxy@939fae1
04-28 10:28:54.018  2015  2262 D EGL_emulation: eglMakeCurrent: 0xcf487120: ver 3 0 (tinfo 0xe475ecc0)
04-28 10:28:54.067  2595  2730 D EGL_emulation: eglMakeCurrent: 0xd0aa1860: ver 3 0 (tinfo 0xd12ac840)
04-28 10:28:54.089  1216  1216 D LifecycleMonitor: Lifecycle status change: app.identifier.MainActivity@25e2519 in: PRE_ON_CREATE
04-28 10:28:54.089  1216  1216 D LifecycleMonitor: running callback: androidx.test.core.app.ActivityScenario$1@bb999de
04-28 10:28:54.089  1216  1216 D LifecycleMonitor: callback completes: androidx.test.core.app.ActivityScenario$1@bb999de
04-28 10:28:54.095  1216  1216 W app.identifier: Accessing hidden method Landroid/graphics/drawable/Drawable;->getOpticalInsets()Landroid/graphics/Insets; (light greylist, linking)
04-28 10:28:54.095  1216  1216 W app.identifier: Accessing hidden field Landroid/graphics/Insets;->left:I (light greylist, linking)
04-28 10:28:54.095  1216  1216 W app.identifier: Accessing hidden field Landroid/graphics/Insets;->right:I (light greylist, linking)
04-28 10:28:54.095  1216  1216 W app.identifier: Accessing hidden field Landroid/graphics/Insets;->top:I (light greylist, linking)
04-28 10:28:54.095  1216  1216 W app.identifier: Accessing hidden field Landroid/graphics/Insets;->bottom:I (light greylist, linking)
04-28 10:28:54.107 14390 14443 D EGL_emulation: eglMakeCurrent: 0xe4793f60: ver 3 0 (tinfo 0xc2740410)
04-28 10:28:54.119  1216  1216 W app.identifier: Accessing hidden field Landroid/view/WindowInsets;->CONSUMED:Landroid/view/WindowInsets; (light greylist, reflection)
04-28 10:28:54.123  2015  2262 D EGL_emulation: eglMakeCurrent: 0xcf487120: ver 3 0 (tinfo 0xe475ecc0)
04-28 10:28:54.123  1216  1216 W app.identifier: Accessing hidden method Landroid/view/View;->getAccessibilityDelegate()Landroid/view/View$AccessibilityDelegate; (light greylist, linking)
04-28 10:28:54.125  2015  2262 D EGL_emulation: eglMakeCurrent: 0xcf487120: ver 3 0 (tinfo 0xe475ecc0)
04-28 10:28:54.139  1216  1216 W app.identifier: Accessing hidden method Landroid/view/View;->computeFitSystemWindows(Landroid/graphics/Rect;Landroid/graphics/Rect;)Z (light greylist, reflection)
04-28 10:28:54.140  1216  1216 W app.identifier: Accessing hidden method Landroid/view/ViewGroup;->makeOptionalFitsSystemWindows()V (light greylist, reflection)
04-28 10:28:54.189  1216  1216 D LifecycleMonitor: Lifecycle status change: app.identifier.MainActivity@25e2519 in: CREATED
04-28 10:28:54.189  1216  1216 D LifecycleMonitor: running callback: androidx.test.core.app.ActivityScenario$1@bb999de
04-28 10:28:54.189  1216  1216 D LifecycleMonitor: callback completes: androidx.test.core.app.ActivityScenario$1@bb999de
04-28 10:28:54.191  1216  1216 D LifecycleMonitor: Lifecycle status change: app.identifier.MainActivity@25e2519 in: STARTED
04-28 10:28:54.191  1216  1216 D LifecycleMonitor: running callback: androidx.test.core.app.ActivityScenario$1@bb999de
04-28 10:28:54.191  1216  1216 D LifecycleMonitor: callback completes: androidx.test.core.app.ActivityScenario$1@bb999de
04-28 10:28:54.192  1216  1216 D LifecycleMonitor: Lifecycle status change: app.identifier.MainActivity@25e2519 in: RESUMED
04-28 10:28:54.192  1216  1216 D LifecycleMonitor: running callback: androidx.test.core.app.ActivityScenario$1@bb999de
04-28 10:28:54.192  1216  1216 D LifecycleMonitor: callback completes: androidx.test.core.app.ActivityScenario$1@bb999de
04-28 10:28:54.195  1216  1216 D OpenGLRenderer: Skia GL Pipeline
04-28 10:28:54.199  1739  1773 E SurfaceFlinger: ro.sf.lcd_density must be defined as a build property
04-28 10:28:54.200  1216  1240 D EventInjectionStrategy: Creating injection strategy with input manager.
04-28 10:28:54.200  1216  1240 W app.identifier: Accessing hidden method Landroid/hardware/input/InputManager;->getInstance()Landroid/hardware/input/InputManager; (light greylist, reflection)
04-28 10:28:54.200  1216  1240 W app.identifier: Accessing hidden method Landroid/hardware/input/InputManager;->injectInputEvent(Landroid/view/InputEvent;I)Z (light greylist, reflection)
04-28 10:28:54.200  1216  1240 W app.identifier: Accessing hidden field Landroid/hardware/input/InputManager;->INJECT_INPUT_EVENT_MODE_WAIT_FOR_FINISH:I (light greylist, reflection)
04-28 10:28:54.214  1216  1216 W app.identifier: Accessing hidden method Landroid/graphics/Insets;->of(IIII)Landroid/graphics/Insets; (light greylist, linking)
04-28 10:28:54.224  1641  2201 D gralloc_ranchu: gralloc_alloc: Creating ashmem region of size 8298496
04-28 10:28:54.225  1216  1269 D HostConnection: HostConnection::get() New Host Connection established 0xe61a1280, tid 1269
04-28 10:28:54.226  1641  1641 D gralloc_ranchu: gralloc_alloc: Creating ashmem region of size 8298496
04-28 10:28:54.227  1641  2201 D gralloc_ranchu: gralloc_alloc: Creating ashmem region of size 8298496
04-28 10:28:54.228  1216  1269 D HostConnection: HostComposition ext ANDROID_EMU_CHECKSUM_HELPER_v1 ANDROID_EMU_native_sync_v2 ANDROID_EMU_native_sync_v3 ANDROID_EMU_native_sync_v4 ANDROID_EMU_dma_v1 ANDROID_EMU_YUV420_888_to_NV21 ANDROID_EMU_YUV_Cache ANDROID_EMU_sync_buffer_data GL_OES_EGL_image_external_essl3 GL_OES_vertex_array_object GL_KHR_texture_compression_astc_ldr ANDROID_EMU_host_side_tracing ANDROID_EMU_gles_max_version_3_0
04-28 10:28:54.231  1216  1269 I ConfigStore: android::hardware::configstore::V1_0::ISurfaceFlingerConfigs::hasWideColorDisplay retrieved: 0
04-28 10:28:54.231  1216  1269 I ConfigStore: android::hardware::configstore::V1_0::ISurfaceFlingerConfigs::hasHDRDisplay retrieved: 0
04-28 10:28:54.231  1216  1269 I OpenGLRenderer: Initialized EGL, version 1.4
04-28 10:28:54.231  1216  1269 D OpenGLRenderer: Swap behavior 1
04-28 10:28:54.231  1216  1269 W OpenGLRenderer: Failed to choose config with EGL_SWAP_BEHAVIOR_PRESERVED, retrying without...
04-28 10:28:54.231  1216  1269 D OpenGLRenderer: Swap behavior 0
04-28 10:28:54.232  1216  1269 D eglCodecCommon: setVertexArrayObject: set vao to 0 (0) 0 0
04-28 10:28:54.232  1216  1269 D EGL_emulation: eglCreateContext: 0xe6185300: maj 3 min 0 rcv 3
04-28 10:28:54.290  1216  1269 D EGL_emulation: eglMakeCurrent: 0xe6185300: ver 3 0 (tinfo 0xe6183720)
04-28 10:28:54.291  1739  1773 E SurfaceFlinger: ro.sf.lcd_density must be defined as a build property
04-28 10:28:54.304  1216  1269 D HostConnection: createUnique: call
04-28 10:28:54.304  1216  1269 D HostConnection: HostConnection::get() New Host Connection established 0xe61a1550, tid 1269
04-28 10:28:54.306  1216  1269 D HostConnection: HostComposition ext ANDROID_EMU_CHECKSUM_HELPER_v1 ANDROID_EMU_native_sync_v2 ANDROID_EMU_native_sync_v3 ANDROID_EMU_native_sync_v4 ANDROID_EMU_dma_v1 ANDROID_EMU_YUV420_888_to_NV21 ANDROID_EMU_YUV_Cache ANDROID_EMU_sync_buffer_data GL_OES_EGL_image_external_essl3 GL_OES_vertex_array_object GL_KHR_texture_compression_astc_ldr ANDROID_EMU_host_side_tracing ANDROID_EMU_gles_max_version_3_0
04-28 10:28:54.306  1216  1269 E eglCodecCommon: GoldfishAddressSpaceHostMemoryAllocator: ioctl_ping failed for device_type=5, ret=-1
04-28 10:28:54.311  1216  1269 D EGL_emulation: eglMakeCurrent: 0xe6185300: ver 3 0 (tinfo 0xe6183720)
04-28 10:28:54.316  1216  1269 D eglCodecCommon: setVertexArrayObject: set vao to 0 (0) 1 2
04-28 10:28:54.376  1739  1764 W SurfaceFlinger: Attempting to set client state on removed layer: Splash Screen app.identifier.test#0
04-28 10:28:54.376  1739  1764 W SurfaceFlinger: Attempting to destroy on removed layer: Splash Screen app.identifier.test#0
04-28 10:28:54.378  1881  1904 I ActivityManager: Displayed app.identifier/.MainActivity: +371ms (total +20m26s529ms)
04-28 10:28:54.393  1216  1216 W app.identifier: Accessing hidden method Landroid/os/MessageQueue;->next()Landroid/os/Message; (light greylist, reflection)
04-28 10:28:54.393  1216  1216 W app.identifier: Accessing hidden field Landroid/os/MessageQueue;->mMessages:Landroid/os/Message; (light greylist, reflection)
04-28 10:28:54.394  1216  1216 W app.identifier: Accessing hidden method Landroid/os/Message;->recycleUnchecked()V (light greylist, reflection)
04-28 10:28:54.402 13789 13789 I GoogleInputMethodService: GoogleInputMethodService.onFinishInput():3302
04-28 10:28:54.406  1216  1216 W app.identifier: Accessing hidden method Landroid/view/WindowManagerGlobal;->getInstance()Landroid/view/WindowManagerGlobal; (light greylist, reflection)
04-28 10:28:54.406  1216  1216 W app.identifier: Accessing hidden field Landroid/view/WindowManagerGlobal;->mViews:Ljava/util/ArrayList; (light greylist, reflection)
04-28 10:28:54.406  1216  1216 W app.identifier: Accessing hidden field Landroid/view/WindowManagerGlobal;->mParams:Ljava/util/ArrayList; (light greylist, reflection)
04-28 10:28:54.418  1216  1216 I ViewInteraction: Performing 'type text(abc)' action on view with id: app.identifier:id/input
04-28 10:28:54.422 13789 13789 I GoogleInputMethodService: GoogleInputMethodService.updateDeviceLockedStatus():2152 repeatCheckTimes = 0, unlocked = true
04-28 10:28:54.422  1216  1216 W app.identifier: Accessing hidden method Landroid/view/ViewConfiguration;->getDoubleTapMinTime()I (light greylist, reflection)
04-28 10:28:54.429  1216  1227 I app.identifier: Background concurrent copying GC freed 12319(1842KB) AllocSpace objects, 5(96KB) LOS objects, 49% free, 1895KB/3MB, paused 9.239ms total 37.869ms
04-28 10:28:54.429 13789 13789 I GoogleInputMethodService: GoogleInputMethodService.onStartInput():1930 onStartInput(EditorInfo{inputType=0x0(NULL) imeOptions=0x0 privateImeOptions=null actionName=UNSPECIFIED actionLabel=null actionId=0 initialSelStart=-1 initialSelEnd=-1 initialCapsMode=0x0 hintText=null label=null packageName=app.identifier fieldId=-1 fieldName=null extras=null}, false)
04-28 10:28:54.430 13789 13789 I GoogleInputMethodService: GoogleInputMethodService.shouldHideHeaderOnInitialState():4116 ShouldHideHeaderOnInitialState = false
04-28 10:28:54.430 13789 13789 I GoogleInputMethodService: GoogleInputMethodService.updateDeviceLockedStatus():2152 repeatCheckTimes = 2, unlocked = true
04-28 10:28:54.471 13789 13789 I GoogleInputMethodService: GoogleInputMethodService.onFinishInput():3302
04-28 10:28:54.472  1739  1739 W SurfaceFlinger: couldn't log to binary event log: overflow.
04-28 10:28:54.472  1739  1739 W SurfaceFlinger: couldn't log to binary event log: overflow.
04-28 10:28:54.472 13789 13789 I GoogleInputMethodService: GoogleInputMethodService.updateDeviceLockedStatus():2152 repeatCheckTimes = 0, unlocked = true
04-28 10:28:54.472 13789 13789 I GoogleInputMethodService: GoogleInputMethodService.onStartInput():1930 onStartInput(EditorInfo{inputType=0x61(PersonName) imeOptions=0x6 privateImeOptions=null actionName=DONE actionLabel=null actionId=0 initialSelStart=0 initialSelEnd=0 initialCapsMode=0x0 hintText=null label=null packageName=app.identifier fieldId=2131230887 fieldName=null extras=Bundle[mParcelledData.dataSize=484]}, false)
04-28 10:28:54.472 13789 13789 I GoogleInputMethodService: GoogleInputMethodService.shouldHideHeaderOnInitialState():4116 ShouldHideHeaderOnInitialState = false
04-28 10:28:54.472 13789 13789 I GoogleInputMethodService: GoogleInputMethodService.updateDeviceLockedStatus():2152 repeatCheckTimes = 2, unlocked = true
04-28 10:28:54.477 13789 13789 I DeviceModeUtil: DeviceModeUtil.getDeviceMode():123 Get device mode phone by ui mode:1 and smallestScreenWidthDp:411
04-28 10:28:54.480 13789 13789 I GoogleInputMethodService: GoogleInputMethodService.onStartInputView():2052 onStartInputView(EditorInfo{inputType=0x61(PersonName) imeOptions=0x6 privateImeOptions=null actionName=DONE actionLabel=null actionId=0 initialSelStart=0 initialSelEnd=0 initialCapsMode=0x0 hintText=null label=null packageName=app.identifier fieldId=2131230887 fieldName=null extras=Bundle[{androidx.core.view.inputmethod.EditorInfoCompat.CONTENT_SELECTION_HEAD=0, androidx.core.view.inputmethod.EditorInfoCompat.CONTENT_SELECTION_END=0, androidx.core.view.inputmethod.EditorInfoCompat.CONTENT_SURROUNDING_TEXT=}]}, false)
04-28 10:28:54.482  1216  1216 I AssistStructure: Flattened final assist data: 2756 bytes, containing 1 windows, 10 views
04-28 10:28:54.482 13789 13789 I GoogleInputMethodService: GoogleInputMethodService.updateDeviceLockedStatus():2152 repeatCheckTimes = 2, unlocked = true
04-28 10:28:54.485 13789 13789 W ModuleManager: ModuleManager.loadModule():453 Module esg is not available
04-28 10:28:54.486 13789 13858 I DeviceModeUtil: DeviceModeUtil.getDeviceMode():123 Get device mode phone by ui mode:1 and smallestScreenWidthDp:411
04-28 10:28:54.498 13789 13789 I KeyboardViewUtil: KeyboardViewUtil.getKeyboardHeightRatio():189 systemKeyboardHeightRatio:1.000000; userKeyboardHeightRatio:1.000000.
04-28 10:28:54.499 13789 13789 I AndroidIME: AbstractIme.onActivate():86 LatinIme.onActivate() : EditorInfo = inputType=0x61(PersonName) imeOptions=0x6 privateImeOptions=null actionName=DONE actionLabel=null actionId=0 initialSelStart=0 initialSelEnd=0 initialCapsMode=0x0 hintText=null label=null packageName=app.identifier fieldId=2131230887 fieldName=null extras=Bundle[{androidx.core.view.inputmethod.EditorInfoCompat.CONTENT_SELECTION_HEAD=0, androidx.core.view.inputmethod.EditorInfoCompat.CONTENT_SELECTION_END=0, androidx.core.view.inputmethod.EditorInfoCompat.CONTENT_SURROUNDING_TEXT=}], IncognitoMode = false, DeviceLocked = false
04-28 10:28:54.501 13789 13789 I Delight5Facilitator: Delight5Facilitator.initializeForIme():777 initializeForIme() : Locale = [en_US], layout = qwerty
04-28 10:28:54.517  1881  3797 I AssistStructure: Flattened final assist data: 2640 bytes, containing 1 windows, 10 views
04-28 10:28:54.521 13789 13789 I VoiceInputManagerWrapper: VoiceInputManagerWrapper.cancelShutdown():55 cancelShutdown()
04-28 10:28:54.521 13789 13789 I VoiceInputManagerWrapper: VoiceInputManagerWrapper.syncLanguagePacks():67 syncLanguagePacks()
04-28 10:28:54.524 13789 13789 I LatinIme: LatinIme.updateEnableInlineSuggestionsOnDecoderSideFlags():1014 inline flag updated to:false
04-28 10:28:54.525 13789 15473 I SpeechFactory: SpeechRecognitionFactory.maybeScheduleAutoPackDownloadForFallback():205 maybeScheduleAutoPackDownloadForFallback()
04-28 10:28:54.525 13789 15473 I FallbackOnDeviceRecognitionProvider: FallbackOnDeviceRecognitionProvider.maybeScheduleAutoPackDownload():195 maybeScheduleAutoPackDownload() for language tag en-US
04-28 10:28:54.531 14273 14273 W AutofillChimeraService: Pending fill request while another request in the same session was triggered. [CONTEXT service_id=177 ]
04-28 10:28:54.540  1881  2176 I GnssLocationProvider: WakeLock acquired by sendMessage(REPORT_SV_STATUS, 0, com.android.server.location.GnssLocationProvider$SvStatusInfo@95b4506)
04-28 10:28:54.541  1881  1894 I GnssLocationProvider: WakeLock released by handleMessage(REPORT_SV_STATUS, 0, com.android.server.location.GnssLocationProvider$SvStatusInfo@95b4506)
04-28 10:28:54.545 25009 25009 D BoundBrokerSvc: onBind: Intent { act=com.google.android.mdd.service.START dat=chimera-action: cmp=com.google.android.gms/.chimera.GmsBoundBrokerService }
04-28 10:28:54.545 25009 25009 D BoundBrokerSvc: Loading bound service for intent: Intent { act=com.google.android.mdd.service.START dat=chimera-action: cmp=com.google.android.gms/.chimera.GmsBoundBrokerService }
04-28 10:28:54.569 14390  1273 I PBSessionCacheImpl: (REDACTED) Deleted sessionId[%d] from persistence.
04-28 10:28:54.586 13789 13789 I KeyboardWrapper: KeyboardWrapper.consumeEvent():281 Skip consuming an event as current keyboard is deactivated (state=0, keyboard existence=true)
04-28 10:28:54.606 13789 13789 I KeyboardViewUtil: KeyboardViewUtil.calculateMaxKeyboardBodyHeight():40 leave 354 height for app when screen height:1794, header height:116 and isFullscreenMode:false, so the max keyboard body height is:1324
04-28 10:28:54.607 13789 13789 W Keyboard: Keyboard.getKeyboardViewHelper():616 null helper is returned: keyboardDef=iko{className=.latin.keyboard.LatinPrimeKeyboard, id=#0x7f0b04fe, initialStates=0, keyboardViewDefs=[ilh{direction=null, id=#0x7f0b0139, isScalable=true, layoutId=#0x7f0e02cc, type=BODY, touchable=true}, ilh{direction=null, id=#0x7f0b0139, isScalable=false, layoutId=#0x7f0e0170, type=FLOATING_CANDIDATES, touchable=false}, ilh{direction=null, id=#0x7f0b0139, isScalable=false, layoutId=#0x7f0e0441, type=HEADER, touchable=true}], keyTextSizeRatio=1.0, persistentStates=0, persistentStatesPrefKey=null, popupBubbleLayoutId=#0x7f0e051a, recentKeyLayoutId=0, recentKeyPopupLayoutId=0, recentKeyType=null, rememberRecentKey=NONE, sessionStates=17592186044419}, type=WIDGET, helpersCreated=[ibz@81603f8, ibz@6570d1, ibz@636e736, null],
04-28 10:28:54.607 13789 13789 I DeviceModeUtil: DeviceModeUtil.getDeviceMode():123 Get device mode phone by ui mode:1 and smallestScreenWidthDp:411
04-28 10:28:54.608 13789 13789 I GoogleInputMethodService: GoogleInputMethodService.setKeyboardViewShown():3561 setKeyboardViewShown() : type = HEADER, shownType = SHOW_OPTIONAL
04-28 10:28:54.608 13789 13789 I GoogleInputMethodService: GoogleInputMethodService.setKeyboardViewShown():3608 setKeyboardViewShown() : shouldShow = true
04-28 10:28:54.608 13789 13789 I GoogleInputMethodService: GoogleInputMethodService.setKeyboardViewShown():3561 setKeyboardViewShown() : type = BODY, shownType = SHOW_MANDATORY
04-28 10:28:54.608 13789 13789 I GoogleInputMethodService: GoogleInputMethodService.setKeyboardViewShown():3608 setKeyboardViewShown() : shouldShow = true
04-28 10:28:54.608 13789 13789 I GoogleInputMethodService: GoogleInputMethodService.setKeyboardViewShown():3561 setKeyboardViewShown() : type = FLOATING_CANDIDATES, shownType = HIDE
04-28 10:28:54.608 13789 13789 I GoogleInputMethodService: GoogleInputMethodService.setKeyboardViewShown():3608 setKeyboardViewShown() : shouldShow = false
04-28 10:28:54.608 13789 13789 W Keyboard: Keyboard.getKeyboardViewHelper():616 null helper is returned: keyboardDef=iko{className=.latin.keyboard.LatinPrimeKeyboard, id=#0x7f0b04fe, initialStates=0, keyboardViewDefs=[ilh{direction=null, id=#0x7f0b0139, isScalable=true, layoutId=#0x7f0e02cc, type=BODY, touchable=true}, ilh{direction=null, id=#0x7f0b0139, isScalable=false, layoutId=#0x7f0e0170, type=FLOATING_CANDIDATES, touchable=false}, ilh{direction=null, id=#0x7f0b0139, isScalable=false, layoutId=#0x7f0e0441, type=HEADER, touchable=true}], keyTextSizeRatio=1.0, persistentStates=0, persistentStatesPrefKey=null, popupBubbleLayoutId=#0x7f0e051a, recentKeyLayoutId=0, recentKeyPopupLayoutId=0, recentKeyType=null, rememberRecentKey=NONE, sessionStates=17592186044419}, type=WIDGET, helpersCreated=[ibz@81603f8, ibz@6570d1, ibz@636e736, null],
04-28 10:28:54.608 13789 13789 I GoogleInputMethodService: GoogleInputMethodService.setKeyboardViewShown():3561 setKeyboardViewShown() : type = WIDGET, shownType = HIDE
04-28 10:28:54.608 13789 13789 I GoogleInputMethodService: GoogleInputMethodService.setKeyboardViewShown():3608 setKeyboardViewShown() : shouldShow = false
04-28 10:28:54.610 13789 13789 I KeyboardViewUtil: KeyboardViewUtil.calculateMaxKeyboardBodyHeight():40 leave 354 height for app when screen height:1794, header height:116 and isFullscreenMode:false, so the max keyboard body height is:1324
04-28 10:28:54.612 13789 13789 I DeviceModeUtil: DeviceModeUtil.getDeviceMode():123 Get device mode phone by ui mode:1 and smallestScreenWidthDp:411
04-28 10:28:54.617 13789 13789 I chatty  : uid=10072(com.google.android.inputmethod.latin) identical 1 line
04-28 10:28:54.617 13789 13789 I DeviceModeUtil: DeviceModeUtil.getDeviceMode():123 Get device mode phone by ui mode:1 and smallestScreenWidthDp:411
04-28 10:28:54.617 13789 13789 I KeyboardModeManager: KeyboardModeManager.setInputView():372 setInputView() : supportsOneHandedMode=true
04-28 10:28:54.617 13789 13789 I NormalModeController: NormalModeController.getKeyboardBodyViewHolderPaddingBottom():116 currentPrimeKeyboardType:SOFT systemPaddingBottom:-1
04-28 10:28:54.618 13789 13789 I NormalModeController: NormalModeController.getKeyboardBodyViewHolderPaddingBottom():116 currentPrimeKeyboardType:SOFT systemPaddingBottom:-1
04-28 10:28:54.626 14390 14470 W SearchServiceCore: Abort, client detached.
04-28 10:28:54.627 13789 13789 I KeyboardModeManager: KeyboardModeManager.setInputView():364 setInputView() : entry=hyt{languageTag=en-US, variant=qwerty, hasLocalizedResources=true, conditionCacheKey=_device=phone_device_size=default_enable_adaptive_text_editing=true_enable_inline_suggestions_on_client_side=true_enable_large_tablet_batch_1=false_enable_large_tablet_batch_2=false_enable_more_candidates_view_for_multilingual=false_enable_nav_redesign=false_enable_navbar_motion=false_enable_number_row=false_enable_preemptive_decode=true_enable_secondary_symbols=false_expressions=normal_four_or_more_letter_rows=false_keyboard_mode=normal_language=en-US_orientation=portrait_physical_keyboard=qwerty_show_secondary_digits=true_show_suggestions=true_split_with_duplicate_keys=true_variant=qwerty, imeDef.stringId=ime_english_united_states, imeDef.className=com.google.android.apps.inputmethod.libs.latin5.LatinIme, imeDef.languageTag=en-US}
04-28 10:28:54.630 13789 13789 I VoiceImeExtension: VoiceImeExtension.shouldStartVoiceInputAutomatically():383 No private IME option set to start voice input.
04-28 10:28:54.631 25009 25009 D BoundBrokerSvc: onBind: Intent { act=com.google.firebase.dynamiclinks.service.START pkg=com.google.android.gms }
04-28 10:28:54.631 25009 25009 D BoundBrokerSvc: Loading bound service for intent: Intent { act=com.google.firebase.dynamiclinks.service.START pkg=com.google.android.gms }
04-28 10:28:54.636  1641  2201 D gralloc_ranchu: gralloc_alloc: Creating ashmem region of size 8024064
04-28 10:28:54.639 13789 13789 I DeviceModeUtil: DeviceModeUtil.getDeviceMode():123 Get device mode phone by ui mode:1 and smallestScreenWidthDp:411
04-28 10:28:54.639 13789 13789 I DeviceModeUtil: DeviceModeUtil.getDeviceMode():123 Get device mode phone by ui mode:1 and smallestScreenWidthDp:411
04-28 10:28:54.639 13789 13789 I NormalModeController: NormalModeController.getKeyboardBodyViewHolderPaddingBottom():116 currentPrimeKeyboardType:SOFT systemPaddingBottom:-1
04-28 10:28:54.640 13789 13995 I Delight5Decoder: Delight5DecoderWrapper.setKeyboardLayout():458 setKeyboardLayout()
04-28 10:28:54.648  1641  2201 D gralloc_ranchu: gralloc_alloc: Creating ashmem region of size 24576
04-28 10:28:54.715  1641  1641 D gralloc_ranchu: gralloc_alloc: Creating ashmem region of size 24576
04-28 10:28:54.717 13789 15479 D EGL_emulation: eglMakeCurrent: 0xcb3628a0: ver 3 0 (tinfo 0xcc599460)
04-28 10:28:54.725  1641  1641 D gralloc_ranchu: gralloc_alloc: Creating ashmem region of size 8024064
04-28 10:28:54.734 25009 25009 D BoundBrokerSvc: onBind: Intent { act=com.google.android.gms.common.BIND_SHARED_PREFS pkg=com.google.android.gms }
04-28 10:28:54.734 25009 25009 D BoundBrokerSvc: Loading bound service for intent: Intent { act=com.google.android.gms.common.BIND_SHARED_PREFS pkg=com.google.android.gms }
04-28 10:28:54.737 25009 25009 D BoundBrokerSvc: onUnbind: Intent { act=com.google.android.gms.common.BIND_SHARED_PREFS pkg=com.google.android.gms }
04-28 10:28:54.739 25009 25009 D BoundBrokerSvc: onBind: Intent { act=com.google.android.gms.common.BIND_SHARED_PREFS pkg=com.google.android.gms }
04-28 10:28:54.739 25009 25009 D BoundBrokerSvc: Loading bound service for intent: Intent { act=com.google.android.gms.common.BIND_SHARED_PREFS pkg=com.google.android.gms }
04-28 10:28:54.741 25009 25009 D BoundBrokerSvc: onUnbind: Intent { act=com.google.android.gms.common.BIND_SHARED_PREFS pkg=com.google.android.gms }
04-28 10:28:54.982  1216  1216 D UiControllerImpl: Injecting string: "abc"
04-28 10:28:55.201  1216  1216 I ViewInteraction: Performing 'close keyboard' action on view is a root view.
04-28 10:28:55.203 13789 13789 I GoogleInputMethodService: GoogleInputMethodService.onFinishInputView():2306
04-28 10:28:55.206 13789 13789 I KeyboardWrapper: KeyboardWrapper.consumeEvent():281 Skip consuming an event as current keyboard is deactivated (state=0, keyboard existence=true)
04-28 10:28:55.206 13789 13789 I VoiceInputManagerWrapper: VoiceInputManagerWrapper.shutdown():77 shutdown()
04-28 10:28:55.209 13789 13789 I AndroidIME: AbstractIme.onDeactivate():207 LatinIme.onDeactivate()
04-28 10:28:55.210  1641  1641 D gralloc_ranchu: gralloc_alloc: Creating ashmem region of size 24576
04-28 10:28:55.213  1641  1641 D gralloc_ranchu: gralloc_alloc: Creating ashmem region of size 24576
04-28 10:28:55.222 13789 13925 E native  : E0000 00:00:1682688535.218022   13925 keyboard.cc:35] Cannot create a keyboard with 0 valid keys
04-28 10:28:55.223 13789 13925 E native  : E0000 00:00:1682688535.223580   13925 keyboard.cc:35] Cannot create a keyboard with 0 valid keys
04-28 10:28:55.223 13789 13925 E native  : E0000 00:00:1682688535.223926   13925 keyboard.cc:35] Cannot create a keyboard with 0 valid keys
04-28 10:28:55.223 13789 13925 E native  : E0000 00:00:1682688535.223987   13925 keyboard.cc:35] Cannot create a keyboard with 0 valid keys
04-28 10:28:55.224 13789 13925 E native  : E0000 00:00:1682688535.224174   13925 keyboard.cc:35] Cannot create a keyboard with 0 valid keys
04-28 10:28:55.224 13789 13925 E native  : E0000 00:00:1682688535.224681   13925 keyboard.cc:35] Cannot create a keyboard with 0 valid keys
04-28 10:28:55.226 13789 13995 I native  : I0000 00:00:1682688535.226844   13995 input-context-store.cc:255] Ignoring stale client request for FetchSuggestions
04-28 10:28:55.228 13789 13995 I native  : I0000 00:00:1682688535.227780   13995 input-context-store.cc:178] Ignoring stale client request for OverrideDecodedCandidates
04-28 10:28:55.228 13789 15479 D EGL_emulation: eglMakeCurrent: 0xcb3628a0: ver 3 0 (tinfo 0xcc599460)
04-28 10:28:55.228 13789 13995 W Delight5Decoder: Delight5DecoderWrapper.shouldAbandonMessage():1986 Detected old [FetchSuggestions] request in background: 130<131
04-28 10:28:55.233 13789 13789 W InputContextProxy: InputContextProxy.applyClientDiffInternal():897 Ignore [FetchSuggestions] diff due to stale request: 126<131, inputStateId=0, lastInputStateId=97
04-28 10:28:55.521  1216  1216 I ViewInteraction: Performing 'single click' action on view with id: app.identifier:id/validateBtn
04-28 10:28:55.539  1881  2176 I GnssLocationProvider: WakeLock acquired by sendMessage(REPORT_SV_STATUS, 0, com.android.server.location.GnssLocationProvider$SvStatusInfo@e15129a)
04-28 10:28:55.539  1881  1894 I GnssLocationProvider: WakeLock released by handleMessage(REPORT_SV_STATUS, 0, com.android.server.location.GnssLocationProvider$SvStatusInfo@e15129a)
04-28 10:28:55.594  1631  6894 W audio_hw_generic: Not supplying enough data to HAL, expected position 6394536 , only wrote 6394320
04-28 10:28:55.810  1216  1216 I ViewInteraction: Checking 'MatchesViewAssertion{viewMatcher=with text: is "Valid"}' assertion on view with id: app.identifier:id/output
04-28 10:28:55.826  1216  1216 D LifecycleMonitor: Lifecycle status change: app.identifier.MainActivity@25e2519 in: PAUSED
04-28 10:28:55.826  1216  1216 D LifecycleMonitor: running callback: androidx.test.core.app.ActivityScenario$1@bb999de
04-28 10:28:55.827  1216  1216 D LifecycleMonitor: callback completes: androidx.test.core.app.ActivityScenario$1@bb999de
04-28 10:28:55.831  1242  1242 W ActivityThread: handleWindowVisibility: no activity for token android.os.BinderProxy@9cd40e2
04-28 10:28:55.871  1242  1242 D OpenGLRenderer: Skia GL Pipeline
04-28 10:28:55.885  1739  2256 E SurfaceFlinger: ro.sf.lcd_density must be defined as a build property
04-28 10:28:55.924  1641  1641 D gralloc_ranchu: gralloc_alloc: Creating ashmem region of size 7753728
04-28 10:28:55.925  1242  1279 D HostConnection: HostConnection::get() New Host Connection established 0xe4727390, tid 1279
04-28 10:28:55.925  1641  2201 D gralloc_ranchu: gralloc_alloc: Creating ashmem region of size 7753728
04-28 10:28:55.927  1641  2201 D gralloc_ranchu: gralloc_alloc: Creating ashmem region of size 7753728
04-28 10:28:55.928  1242  1279 D HostConnection: HostComposition ext ANDROID_EMU_CHECKSUM_HELPER_v1 ANDROID_EMU_native_sync_v2 ANDROID_EMU_native_sync_v3 ANDROID_EMU_native_sync_v4 ANDROID_EMU_dma_v1 ANDROID_EMU_YUV420_888_to_NV21 ANDROID_EMU_YUV_Cache ANDROID_EMU_sync_buffer_data GL_OES_EGL_image_external_essl3 GL_OES_vertex_array_object GL_KHR_texture_compression_astc_ldr ANDROID_EMU_host_side_tracing ANDROID_EMU_gles_max_version_3_0
04-28 10:28:55.930  1242  1279 I ConfigStore: android::hardware::configstore::V1_0::ISurfaceFlingerConfigs::hasWideColorDisplay retrieved: 0
04-28 10:28:55.930  1242  1279 I ConfigStore: android::hardware::configstore::V1_0::ISurfaceFlingerConfigs::hasHDRDisplay retrieved: 0
04-28 10:28:55.930  1242  1279 I OpenGLRenderer: Initialized EGL, version 1.4
04-28 10:28:55.930  1242  1279 D OpenGLRenderer: Swap behavior 1
04-28 10:28:55.930  1242  1279 W OpenGLRenderer: Failed to choose config with EGL_SWAP_BEHAVIOR_PRESERVED, retrying without...
04-28 10:28:55.930  1242  1279 D OpenGLRenderer: Swap behavior 0
04-28 10:28:55.931  1242  1279 D eglCodecCommon: setVertexArrayObject: set vao to 0 (0) 0 0
04-28 10:28:55.931  1242  1279 D EGL_emulation: eglCreateContext: 0xec3c4520: maj 3 min 0 rcv 3
04-28 10:28:55.991  1242  1279 D EGL_emulation: eglMakeCurrent: 0xec3c4520: ver 3 0 (tinfo 0xe4720710)
04-28 10:28:55.992  1739  2256 E SurfaceFlinger: ro.sf.lcd_density must be defined as a build property
04-28 10:28:55.995  1242  1242 W ActivityThread: handleWindowVisibility: no activity for token android.os.BinderProxy@82ed65
04-28 10:28:56.000  1242  1279 D HostConnection: createUnique: call
04-28 10:28:56.000  1242  1279 D HostConnection: HostConnection::get() New Host Connection established 0xe4727840, tid 1279
04-28 10:28:56.003  1242  1279 D HostConnection: HostComposition ext ANDROID_EMU_CHECKSUM_HELPER_v1 ANDROID_EMU_native_sync_v2 ANDROID_EMU_native_sync_v3 ANDROID_EMU_native_sync_v4 ANDROID_EMU_dma_v1 ANDROID_EMU_YUV420_888_to_NV21 ANDROID_EMU_YUV_Cache ANDROID_EMU_sync_buffer_data GL_OES_EGL_image_external_essl3 GL_OES_vertex_array_object GL_KHR_texture_compression_astc_ldr ANDROID_EMU_host_side_tracing ANDROID_EMU_gles_max_version_3_0
04-28 10:28:56.003  1242  1279 E eglCodecCommon: GoldfishAddressSpaceHostMemoryAllocator: ioctl_ping failed for device_type=5, ret=-1
04-28 10:28:56.018  1242  1279 D EGL_emulation: eglMakeCurrent: 0xec3c4520: ver 3 0 (tinfo 0xe4720710)
04-28 10:28:56.020  1242  1279 D eglCodecCommon: setVertexArrayObject: set vao to 0 (0) 1 2
04-28 10:28:56.034  1739  1739 D SurfaceFlinger: duplicate layer name: changing app.identifier.test/androidx.test.core.app.InstrumentationActivityInvoker$EmptyActivity to app.identifier.test/androidx.test.core.app.InstrumentationActivityInvoker$EmptyActivity#1
04-28 10:28:56.037  1641  2201 D gralloc_ranchu: gralloc_alloc: Creating ashmem region of size 7753728
04-28 10:28:56.037  1641  1641 D gralloc_ranchu: gralloc_alloc: Creating ashmem region of size 7753728
04-28 10:28:56.038  1641  2201 D gralloc_ranchu: gralloc_alloc: Creating ashmem region of size 7753728
04-28 10:28:56.081 13789 13789 I GoogleInputMethodService: GoogleInputMethodService.onFinishInput():3302
04-28 10:28:56.082 13789 13789 I GoogleInputMethodService: GoogleInputMethodService.updateDeviceLockedStatus():2152 repeatCheckTimes = 0, unlocked = true
04-28 10:28:56.082 13789 13789 I GoogleInputMethodService: GoogleInputMethodService.onStartInput():1930 onStartInput(EditorInfo{inputType=0x0(NULL) imeOptions=0x0 privateImeOptions=null actionName=UNSPECIFIED actionLabel=null actionId=0 initialSelStart=-1 initialSelEnd=-1 initialCapsMode=0x0 hintText=null label=null packageName=app.identifier.test fieldId=-1 fieldName=null extras=null}, false)
04-28 10:28:56.082 13789 13789 I GoogleInputMethodService: GoogleInputMethodService.shouldHideHeaderOnInitialState():4116 ShouldHideHeaderOnInitialState = false
04-28 10:28:56.082 13789 13789 I GoogleInputMethodService: GoogleInputMethodService.updateDeviceLockedStatus():2152 repeatCheckTimes = 2, unlocked = true
04-28 10:28:56.085  1242  1279 D EGL_emulation: eglMakeCurrent: 0xec3c4520: ver 3 0 (tinfo 0xe4720710)
04-28 10:28:56.091  1739  1773 W SurfaceFlinger: Attempting to set client state on removed layer: app.identifier.test/androidx.test.core.app.InstrumentationActivityInvoker$EmptyActivity#0
04-28 10:28:56.091  1739  1773 W SurfaceFlinger: Attempting to destroy on removed layer: app.identifier.test/androidx.test.core.app.InstrumentationActivityInvoker$EmptyActivity#0
04-28 10:28:56.104  1641  2201 D gralloc_ranchu: gralloc_alloc: Creating ashmem region of size 8298496
04-28 10:28:56.106  1641  1641 D gralloc_ranchu: gralloc_alloc: Creating ashmem region of size 8298496
04-28 10:28:56.106  1641  1641 D gralloc_ranchu: gralloc_alloc: Creating ashmem region of size 8298496
04-28 10:28:56.121  1739  1739 D SurfaceFlinger: duplicate layer name: changing com.google.android.apps.nexuslauncher/com.google.android.apps.nexuslauncher.NexusLauncherActivity to com.google.android.apps.nexuslauncher/com.google.android.apps.nexuslauncher.NexusLauncherActivity#1
04-28 10:28:56.127  1641  1641 D gralloc_ranchu: gralloc_alloc: Creating ashmem region of size 8298496
04-28 10:28:56.128  1641  2201 D gralloc_ranchu: gralloc_alloc: Creating ashmem region of size 8298496
04-28 10:28:56.128  1641  1641 D gralloc_ranchu: gralloc_alloc: Creating ashmem region of size 8298496
04-28 10:28:56.136  2595  2730 D EGL_emulation: eglMakeCurrent: 0xd0aa1860: ver 3 0 (tinfo 0xd12ac840)
04-28 10:28:56.142 13789 13789 I GoogleInputMethodService: GoogleInputMethodService.onFinishInput():3302
04-28 10:28:56.142 13789 13789 I GoogleInputMethodService: GoogleInputMethodService.updateDeviceLockedStatus():2152 repeatCheckTimes = 0, unlocked = true
04-28 10:28:56.142 13789 13789 I GoogleInputMethodService: GoogleInputMethodService.onStartInput():1930 onStartInput(EditorInfo{inputType=0x0(NULL) imeOptions=0x0 privateImeOptions=null actionName=UNSPECIFIED actionLabel=null actionId=0 initialSelStart=-1 initialSelEnd=-1 initialCapsMode=0x0 hintText=null label=null packageName=com.google.android.apps.nexuslauncher fieldId=-1 fieldName=null extras=null}, false)
04-28 10:28:56.142 13789 13789 I GoogleInputMethodService: GoogleInputMethodService.shouldHideHeaderOnInitialState():4116 ShouldHideHeaderOnInitialState = false
04-28 10:28:56.143 13789 13789 I GoogleInputMethodService: GoogleInputMethodService.updateDeviceLockedStatus():2152 repeatCheckTimes = 2, unlocked = true
04-28 10:28:56.151  2015  2262 D EGL_emulation: eglMakeCurrent: 0xcf487120: ver 3 0 (tinfo 0xe475ecc0)
04-28 10:28:56.154 14390 14443 D EGL_emulation: eglMakeCurrent: 0xe4793f60: ver 3 0 (tinfo 0xc2740410)
04-28 10:28:56.168  1242  1279 D EGL_emulation: eglMakeCurrent: 0xec3c4520: ver 3 0 (tinfo 0xe4720710)
04-28 10:28:56.171  1216  1269 D EGL_emulation: eglMakeCurrent: 0xe6185300: ver 3 0 (tinfo 0xe6183720)
04-28 10:28:56.171 14390 14470 I A       : getLocaleToModelSpecsMap
04-28 10:28:56.173 14390 14470 W A       : (REDACTED) Queue length for executor %s is now %d. Perhaps some tasks are too long, or the pool is too small.
04-28 10:28:56.175 14390 14470 I A       : getLocaleToModelSpecsMap
04-28 10:28:56.177  1216  1216 D LifecycleMonitor: Lifecycle status change: app.identifier.MainActivity@25e2519 in: STOPPED
04-28 10:28:56.177  1216  1216 D LifecycleMonitor: running callback: androidx.test.core.app.ActivityScenario$1@bb999de
04-28 10:28:56.177  1216  1216 D LifecycleMonitor: callback completes: androidx.test.core.app.ActivityScenario$1@bb999de
04-28 10:28:56.178  1216  1216 D LifecycleMonitor: Lifecycle status change: app.identifier.MainActivity@25e2519 in: DESTROYED
04-28 10:28:56.178  1216  1216 D LifecycleMonitor: running callback: androidx.test.core.app.ActivityScenario$1@bb999de
04-28 10:28:56.178  1216  1216 D LifecycleMonitor: callback completes: androidx.test.core.app.ActivityScenario$1@bb999de
04-28 10:28:56.178  1216  1240 I TestRunner: finished: test01(app.identifier.IdentifierUITest)
