04-28 10:28:56.181  1216  1240 I TestRunner: started: test02(app.identifier.IdentifierUITest)
04-28 10:28:56.183  1739  1739 W SurfaceFlinger: couldn't log to binary event log: overflow.
04-28 10:28:56.188  1216  1240 W Settings: Setting always_finish_activities has moved from android.provider.Settings.System to android.provider.Settings.Global, returning read-only value.
04-28 10:28:56.200  1242  1242 W ActivityThread: handleWindowVisibility: no activity for token android.os.BinderProxy@a9c57bf
04-28 10:28:56.218  1641  1641 D gralloc_ranchu: gralloc_alloc: Creating ashmem region of size 7753728
04-28 10:28:56.223  1216  1216 W ActivityThread: handleWindowVisibility: no activity for token android.os.BinderProxy@7ffdc27
04-28 10:28:56.229  1216  1216 D LifecycleMonitor: Lifecycle status change: app.identifier.MainActivity@d140440 in: PRE_ON_CREATE
04-28 10:28:56.229  1216  1216 D LifecycleMonitor: running callback: androidx.test.core.app.ActivityScenario$1@4517f79
04-28 10:28:56.229  1216  1216 D LifecycleMonitor: callback completes: androidx.test.core.app.ActivityScenario$1@4517f79
04-28 10:28:56.251  1641  1641 D gralloc_ranchu: gralloc_alloc: Creating ashmem region of size 7753728
04-28 10:28:56.251  2015  2262 D EGL_emulation: eglMakeCurrent: 0xcf487120: ver 3 0 (tinfo 0xe475ecc0)
04-28 10:28:56.254  1216  1216 D LifecycleMonitor: Lifecycle status change: app.identifier.MainActivity@d140440 in: CREATED
04-28 10:28:56.254  1216  1216 D LifecycleMonitor: running callback: androidx.test.core.app.ActivityScenario$1@4517f79
04-28 10:28:56.254  1216  1216 D LifecycleMonitor: callback completes: androidx.test.core.app.ActivityScenario$1@4517f79
04-28 10:28:56.256  1216  1216 D LifecycleMonitor: Lifecycle status change: app.identifier.MainActivity@d140440 in: STARTED
04-28 10:28:56.256  1216  1216 D LifecycleMonitor: running callback: androidx.test.core.app.ActivityScenario$1@4517f79
04-28 10:28:56.256  1216  1216 D LifecycleMonitor: callback completes: androidx.test.core.app.ActivityScenario$1@4517f79
04-28 10:28:56.257  1216  1216 D LifecycleMonitor: Lifecycle status change: app.identifier.MainActivity@d140440 in: RESUMED
04-28 10:28:56.258  1216  1216 D LifecycleMonitor: running callback: androidx.test.core.app.ActivityScenario$1@4517f79
04-28 10:28:56.258  1216  1216 D LifecycleMonitor: callback completes: androidx.test.core.app.ActivityScenario$1@4517f79
04-28 10:28:56.270 14390 14443 D EGL_emulation: eglMakeCurrent: 0xe4793f60: ver 3 0 (tinfo 0xc2740410)
04-28 10:28:56.274  2595  2730 D EGL_emulation: eglMakeCurrent: 0xd0aa1860: ver 3 0 (tinfo 0xd12ac840)
04-28 10:28:56.281  1641  1641 D gralloc_ranchu: gralloc_alloc: Creating ashmem region of size 8298496
04-28 10:28:56.283  1641  2201 D gralloc_ranchu: gralloc_alloc: Creating ashmem region of size 8298496
04-28 10:28:56.283  1641  1641 D gralloc_ranchu: gralloc_alloc: Creating ashmem region of size 8298496
04-28 10:28:56.286  2015  2262 D EGL_emulation: eglMakeCurrent: 0xcf487120: ver 3 0 (tinfo 0xe475ecc0)
04-28 10:28:56.298 13789 13789 I GoogleInputMethodService: GoogleInputMethodService.onFinishInput():3302
04-28 10:28:56.298 13789 13789 I GoogleInputMethodService: GoogleInputMethodService.updateDeviceLockedStatus():2152 repeatCheckTimes = 0, unlocked = true
04-28 10:28:56.298 13789 13789 I GoogleInputMethodService: GoogleInputMethodService.onStartInput():1930 onStartInput(EditorInfo{inputType=0x0(NULL) imeOptions=0x0 privateImeOptions=null actionName=UNSPECIFIED actionLabel=null actionId=0 initialSelStart=-1 initialSelEnd=-1 initialCapsMode=0x0 hintText=null label=null packageName=app.identifier fieldId=-1 fieldName=null extras=null}, false)
04-28 10:28:56.298 13789 13789 I GoogleInputMethodService: GoogleInputMethodService.shouldHideHeaderOnInitialState():4116 ShouldHideHeaderOnInitialState = false
04-28 10:28:56.298 13789 13789 I GoogleInputMethodService: GoogleInputMethodService.updateDeviceLockedStatus():2152 repeatCheckTimes = 2, unlocked = true
04-28 10:28:56.299  1216  1269 D EGL_emulation: eglMakeCurrent: 0xe6185300: ver 3 0 (tinfo 0xe6183720)
04-28 10:28:56.301  2015  2262 D EGL_emulation: eglMakeCurrent: 0xcf487120: ver 3 0 (tinfo 0xe475ecc0)
04-28 10:28:56.303  1216  1216 I ViewInteraction: Performing 'type text( abc)' action on view with id: app.identifier:id/input
04-28 10:28:56.307  1881  1904 I ActivityManager: Displayed app.identifier/.MainActivity: +84ms (total +477ms)
04-28 10:28:56.323  1739  1773 W SurfaceFlinger: Attempting to set client state on removed layer: Splash Screen app.identifier.test#0
04-28 10:28:56.323  1739  1773 W SurfaceFlinger: Attempting to destroy on removed layer: Splash Screen app.identifier.test#0
04-28 10:28:56.328 14390  1281 I PBSessionCacheImpl: (REDACTED) Deleted sessionId[%d] from persistence.
04-28 10:28:56.330 14390 14470 W SearchServiceCore: Abort, client detached.
04-28 10:28:56.351  1739  1739 W SurfaceFlinger: couldn't log to binary event log: overflow.
04-28 10:28:56.354 13789 13789 I GoogleInputMethodService: GoogleInputMethodService.onFinishInput():3302
04-28 10:28:56.354 13789 13789 I GoogleInputMethodService: GoogleInputMethodService.updateDeviceLockedStatus():2152 repeatCheckTimes = 0, unlocked = true
04-28 10:28:56.354 13789 13789 I GoogleInputMethodService: GoogleInputMethodService.onStartInput():1930 onStartInput(EditorInfo{inputType=0x61(PersonName) imeOptions=0x6 privateImeOptions=null actionName=DONE actionLabel=null actionId=0 initialSelStart=0 initialSelEnd=0 initialCapsMode=0x0 hintText=null label=null packageName=app.identifier fieldId=2131230887 fieldName=null extras=Bundle[mParcelledData.dataSize=484]}, false)
04-28 10:28:56.354 13789 13789 I GoogleInputMethodService: GoogleInputMethodService.shouldHideHeaderOnInitialState():4116 ShouldHideHeaderOnInitialState = false
04-28 10:28:56.354 13789 13789 I GoogleInputMethodService: GoogleInputMethodService.updateDeviceLockedStatus():2152 repeatCheckTimes = 2, unlocked = true
04-28 10:28:56.355 13789 13789 I DeviceModeUtil: DeviceModeUtil.getDeviceMode():123 Get device mode phone by ui mode:1 and smallestScreenWidthDp:411
04-28 10:28:56.355 13789 13789 I GoogleInputMethodService: GoogleInputMethodService.onStartInputView():2052 onStartInputView(EditorInfo{inputType=0x61(PersonName) imeOptions=0x6 privateImeOptions=null actionName=DONE actionLabel=null actionId=0 initialSelStart=0 initialSelEnd=0 initialCapsMode=0x0 hintText=null label=null packageName=app.identifier fieldId=2131230887 fieldName=null extras=Bundle[{androidx.core.view.inputmethod.EditorInfoCompat.CONTENT_SELECTION_HEAD=0, androidx.core.view.inputmethod.EditorInfoCompat.CONTENT_SELECTION_END=0, androidx.core.view.inputmethod.EditorInfoCompat.CONTENT_SURROUNDING_TEXT=}]}, false)
04-28 10:28:56.356 13789 13789 I GoogleInputMethodService: GoogleInputMethodService.updateDeviceLockedStatus():2152 repeatCheckTimes = 2, unlocked = true
04-28 10:28:56.356 13789 13858 I DeviceModeUtil: DeviceModeUtil.getDeviceMode():123 Get device mode phone by ui mode:1 and smallestScreenWidthDp:411
04-28 10:28:56.356 13789 13789 W ModuleManager: ModuleManager.loadModule():453 Module esg is not available
04-28 10:28:56.359  1216  1216 I AssistStructure: Flattened final assist data: 2756 bytes, containing 1 windows, 10 views
04-28 10:28:56.362  1881  3797 I AssistStructure: Flattened final assist data: 2640 bytes, containing 1 windows, 10 views
04-28 10:28:56.362 14273 14273 W AutofillChimeraService: Pending fill request while another request in the same session was triggered. [CONTEXT service_id=177 ]
04-28 10:28:56.371 13789 13789 I KeyboardViewUtil: KeyboardViewUtil.getKeyboardHeightRatio():189 systemKeyboardHeightRatio:1.000000; userKeyboardHeightRatio:1.000000.
04-28 10:28:56.371 13789 13789 I AndroidIME: AbstractIme.onActivate():86 LatinIme.onActivate() : EditorInfo = inputType=0x61(PersonName) imeOptions=0x6 privateImeOptions=null actionName=DONE actionLabel=null actionId=0 initialSelStart=0 initialSelEnd=0 initialCapsMode=0x0 hintText=null label=null packageName=app.identifier fieldId=2131230887 fieldName=null extras=Bundle[{androidx.core.view.inputmethod.EditorInfoCompat.CONTENT_SELECTION_HEAD=0, androidx.core.view.inputmethod.EditorInfoCompat.CONTENT_SELECTION_END=0, androidx.core.view.inputmethod.EditorInfoCompat.CONTENT_SURROUNDING_TEXT=}], IncognitoMode = false, DeviceLocked = false
04-28 10:28:56.372 13789 13789 I Delight5Facilitator: Delight5Facilitator.initializeForIme():777 initializeForIme() : Locale = [en_US], layout = qwerty
04-28 10:28:56.373 13789 13789 I VoiceInputManagerWrapper: VoiceInputManagerWrapper.cancelShutdown():55 cancelShutdown()
04-28 10:28:56.373 13789 13789 I VoiceInputManagerWrapper: VoiceInputManagerWrapper.syncLanguagePacks():67 syncLanguagePacks()
04-28 10:28:56.373 13789 15473 I SpeechFactory: SpeechRecognitionFactory.maybeScheduleAutoPackDownloadForFallback():205 maybeScheduleAutoPackDownloadForFallback()
04-28 10:28:56.373 13789 13789 I LatinIme: LatinIme.updateEnableInlineSuggestionsOnDecoderSideFlags():1014 inline flag updated to:false
04-28 10:28:56.373 13789 15473 I FallbackOnDeviceRecognitionProvider: FallbackOnDeviceRecognitionProvider.maybeScheduleAutoPackDownload():195 maybeScheduleAutoPackDownload() for language tag en-US
04-28 10:28:56.376 13789 13789 I KeyboardWrapper: KeyboardWrapper.consumeEvent():281 Skip consuming an event as current keyboard is deactivated (state=0, keyboard existence=true)
04-28 10:28:56.379 13789 13789 I KeyboardViewUtil: KeyboardViewUtil.calculateMaxKeyboardBodyHeight():40 leave 354 height for app when screen height:1794, header height:116 and isFullscreenMode:false, so the max keyboard body height is:1324
04-28 10:28:56.379 13789 13789 W Keyboard: Keyboard.getKeyboardViewHelper():616 null helper is returned: keyboardDef=iko{className=.latin.keyboard.LatinPrimeKeyboard, id=#0x7f0b04fe, initialStates=0, keyboardViewDefs=[ilh{direction=null, id=#0x7f0b0139, isScalable=true, layoutId=#0x7f0e02cc, type=BODY, touchable=true}, ilh{direction=null, id=#0x7f0b0139, isScalable=false, layoutId=#0x7f0e0170, type=FLOATING_CANDIDATES, touchable=false}, ilh{direction=null, id=#0x7f0b0139, isScalable=false, layoutId=#0x7f0e0441, type=HEADER, touchable=true}], keyTextSizeRatio=1.0, persistentStates=0, persistentStatesPrefKey=null, popupBubbleLayoutId=#0x7f0e051a, recentKeyLayoutId=0, recentKeyPopupLayoutId=0, recentKeyType=null, rememberRecentKey=NONE, sessionStates=17592186044419}, type=WIDGET, helpersCreated=[ibz@81603f8, ibz@6570d1, ibz@636e736, null],
04-28 10:28:56.379 13789 13789 I DeviceModeUtil: DeviceModeUtil.getDeviceMode():123 Get device mode phone by ui mode:1 and smallestScreenWidthDp:411
04-28 10:28:56.379 13789 13789 I GoogleInputMethodService: GoogleInputMethodService.setKeyboardViewShown():3561 setKeyboardViewShown() : type = HEADER, shownType = SHOW_OPTIONAL
04-28 10:28:56.379 13789 13789 I GoogleInputMethodService: GoogleInputMethodService.setKeyboardViewShown():3608 setKeyboardViewShown() : shouldShow = true
04-28 10:28:56.379 13789 13789 I GoogleInputMethodService: GoogleInputMethodService.setKeyboardViewShown():3561 setKeyboardViewShown() : type = BODY, shownType = SHOW_MANDATORY
04-28 10:28:56.379 13789 13789 I GoogleInputMethodService: GoogleInputMethodService.setKeyboardViewShown():3608 setKeyboardViewShown() : shouldShow = true
04-28 10:28:56.379 13789 13789 I GoogleInputMethodService: GoogleInputMethodService.setKeyboardViewShown():3561 setKeyboardViewShown() : type = FLOATING_CANDIDATES, shownType = HIDE
04-28 10:28:56.379 13789 13789 I GoogleInputMethodService: GoogleInputMethodService.setKeyboardViewShown():3608 setKeyboardViewShown() : shouldShow = false
04-28 10:28:56.379 13789 13789 W Keyboard: Keyboard.getKeyboardViewHelper():616 null helper is returned: keyboardDef=iko{className=.latin.keyboard.LatinPrimeKeyboard, id=#0x7f0b04fe, initialStates=0, keyboardViewDefs=[ilh{direction=null, id=#0x7f0b0139, isScalable=true, layoutId=#0x7f0e02cc, type=BODY, touchable=true}, ilh{direction=null, id=#0x7f0b0139, isScalable=false, layoutId=#0x7f0e0170, type=FLOATING_CANDIDATES, touchable=false}, ilh{direction=null, id=#0x7f0b0139, isScalable=false, layoutId=#0x7f0e0441, type=HEADER, touchable=true}], keyTextSizeRatio=1.0, persistentStates=0, persistentStatesPrefKey=null, popupBubbleLayoutId=#0x7f0e051a, recentKeyLayoutId=0, recentKeyPopupLayoutId=0, recentKeyType=null, rememberRecentKey=NONE, sessionStates=17592186044419}, type=WIDGET, helpersCreated=[ibz@81603f8, ibz@6570d1, ibz@636e736, null],
04-28 10:28:56.379 13789 13789 I GoogleInputMethodService: GoogleInputMethodService.setKeyboardViewShown():3561 setKeyboardViewShown() : type = WIDGET, shownType = HIDE
04-28 10:28:56.379 13789 13789 I GoogleInputMethodService: GoogleInputMethodService.setKeyboardViewShown():3608 setKeyboardViewShown() : shouldShow = false
04-28 10:28:56.380 13789 13789 I KeyboardViewUtil: KeyboardViewUtil.calculateMaxKeyboardBodyHeight():40 leave 354 height for app when screen height:1794, header height:116 and isFullscreenMode:false, so the max keyboard body height is:1324
04-28 10:28:56.380 13789 13789 I DeviceModeUtil: DeviceModeUtil.getDeviceMode():123 Get device mode phone by ui mode:1 and smallestScreenWidthDp:411
04-28 10:28:56.381 13789 13789 I chatty  : uid=10072(com.google.android.inputmethod.latin) identical 1 line
04-28 10:28:56.381 13789 13789 I DeviceModeUtil: DeviceModeUtil.getDeviceMode():123 Get device mode phone by ui mode:1 and smallestScreenWidthDp:411
04-28 10:28:56.381 13789 13789 I KeyboardModeManager: KeyboardModeManager.setInputView():372 setInputView() : supportsOneHandedMode=true
04-28 10:28:56.381 13789 13789 I NormalModeController: NormalModeController.getKeyboardBodyViewHolderPaddingBottom():116 currentPrimeKeyboardType:SOFT systemPaddingBottom:-1
04-28 10:28:56.382 13789 13789 I NormalModeController: NormalModeController.getKeyboardBodyViewHolderPaddingBottom():116 currentPrimeKeyboardType:SOFT systemPaddingBottom:-1
04-28 10:28:56.384 13789 13789 I KeyboardModeManager: KeyboardModeManager.setInputView():364 setInputView() : entry=hyt{languageTag=en-US, variant=qwerty, hasLocalizedResources=true, conditionCacheKey=_device=phone_device_size=default_enable_adaptive_text_editing=true_enable_inline_suggestions_on_client_side=true_enable_large_tablet_batch_1=false_enable_large_tablet_batch_2=false_enable_more_candidates_view_for_multilingual=false_enable_nav_redesign=false_enable_navbar_motion=false_enable_number_row=false_enable_preemptive_decode=true_enable_secondary_symbols=false_expressions=normal_four_or_more_letter_rows=false_keyboard_mode=normal_language=en-US_orientation=portrait_physical_keyboard=qwerty_show_secondary_digits=true_show_suggestions=true_split_with_duplicate_keys=true_variant=qwerty, imeDef.stringId=ime_english_united_states, imeDef.className=com.google.android.apps.inputmethod.libs.latin5.LatinIme, imeDef.languageTag=en-US}
04-28 10:28:56.385 13789 13789 I VoiceImeExtension: VoiceImeExtension.shouldStartVoiceInputAutomatically():383 No private IME option set to start voice input.
04-28 10:28:56.389  1641  1641 D gralloc_ranchu: gralloc_alloc: Creating ashmem region of size 8024064
04-28 10:28:56.389 25009 25009 D BoundBrokerSvc: onBind: Intent { act=com.google.android.gms.common.BIND_SHARED_PREFS pkg=com.google.android.gms }
04-28 10:28:56.389 25009 25009 D BoundBrokerSvc: Loading bound service for intent: Intent { act=com.google.android.gms.common.BIND_SHARED_PREFS pkg=com.google.android.gms }
04-28 10:28:56.391 25009 25009 D BoundBrokerSvc: onUnbind: Intent { act=com.google.android.gms.common.BIND_SHARED_PREFS pkg=com.google.android.gms }
04-28 10:28:56.391 13789 13789 I DeviceModeUtil: DeviceModeUtil.getDeviceMode():123 Get device mode phone by ui mode:1 and smallestScreenWidthDp:411
04-28 10:28:56.391 13789 13789 I DeviceModeUtil: DeviceModeUtil.getDeviceMode():123 Get device mode phone by ui mode:1 and smallestScreenWidthDp:411
04-28 10:28:56.391 13789 13789 I NormalModeController: NormalModeController.getKeyboardBodyViewHolderPaddingBottom():116 currentPrimeKeyboardType:SOFT systemPaddingBottom:-1
04-28 10:28:56.392 13789 13995 I Delight5Decoder: Delight5DecoderWrapper.setKeyboardLayout():458 setKeyboardLayout()
04-28 10:28:56.394 25009 25009 D BoundBrokerSvc: onBind: Intent { act=com.google.android.gms.common.BIND_SHARED_PREFS pkg=com.google.android.gms }
04-28 10:28:56.394 25009 25009 D BoundBrokerSvc: Loading bound service for intent: Intent { act=com.google.android.gms.common.BIND_SHARED_PREFS pkg=com.google.android.gms }
04-28 10:28:56.395 25009 25009 D BoundBrokerSvc: onUnbind: Intent { act=com.google.android.gms.common.BIND_SHARED_PREFS pkg=com.google.android.gms }
04-28 10:28:56.405 13789 15479 D EGL_emulation: eglMakeCurrent: 0xcb3628a0: ver 3 0 (tinfo 0xcc599460)
04-28 10:28:56.408  1641  1641 D gralloc_ranchu: gralloc_alloc: Creating ashmem region of size 8024064
04-28 10:28:56.419  1641  1641 D gralloc_ranchu: gralloc_alloc: Creating ashmem region of size 24576
04-28 10:28:56.422  1641  1641 D gralloc_ranchu: gralloc_alloc: Creating ashmem region of size 24576
04-28 10:28:56.540  1881  2176 I GnssLocationProvider: WakeLock acquired by sendMessage(REPORT_SV_STATUS, 0, com.android.server.location.GnssLocationProvider$SvStatusInfo@ac92d1)
04-28 10:28:56.540  1881  1894 I GnssLocationProvider: WakeLock released by handleMessage(REPORT_SV_STATUS, 0, com.android.server.location.GnssLocationProvider$SvStatusInfo@ac92d1)
04-28 10:28:56.737  1216  1216 D UiControllerImpl: Injecting string: " abc"
04-28 10:28:56.817 13789 13789 I GoogleInputMethodService: GoogleInputMethodService.setKeyboardViewShown():3561 setKeyboardViewShown() : type = HEADER, shownType = SHOW_MANDATORY_WITH_ANIMATION
04-28 10:28:56.818 13789 13789 I GoogleInputMethodService: GoogleInputMethodService.setKeyboardViewShown():3608 setKeyboardViewShown() : shouldShow = true
04-28 10:28:56.835  1641  1641 D gralloc_ranchu: gralloc_alloc: Creating ashmem region of size 8024064
04-28 10:28:56.869 13789 13789 I GoogleInputMethodService: GoogleInputMethodService.setKeyboardViewShown():3561 setKeyboardViewShown() : type = HEADER, shownType = SHOW_MANDATORY_WITH_ANIMATION
04-28 10:28:56.869 13789 13789 I GoogleInputMethodService: GoogleInputMethodService.setKeyboardViewShown():3608 setKeyboardViewShown() : shouldShow = true
04-28 10:28:56.880  1216  1216 I ViewInteraction: Performing 'close keyboard' action on view is a root view.
04-28 10:28:56.884 13789 13789 I GoogleInputMethodService: GoogleInputMethodService.onFinishInputView():2306
04-28 10:28:56.889  1641  1641 D gralloc_ranchu: gralloc_alloc: Creating ashmem region of size 24576
04-28 10:28:56.893 13789 13789 I KeyboardWrapper: KeyboardWrapper.consumeEvent():281 Skip consuming an event as current keyboard is deactivated (state=0, keyboard existence=true)
04-28 10:28:56.893 13789 13789 I VoiceInputManagerWrapper: VoiceInputManagerWrapper.shutdown():77 shutdown()
04-28 10:28:56.894 13789 13789 I AndroidIME: AbstractIme.onDeactivate():207 LatinIme.onDeactivate()
04-28 10:28:56.897  1641  1641 D gralloc_ranchu: gralloc_alloc: Creating ashmem region of size 24576
04-28 10:28:56.904 13789 15479 D EGL_emulation: eglMakeCurrent: 0xcb3628a0: ver 3 0 (tinfo 0xcc599460)
04-28 10:28:56.910 13789 13925 E native  : E0000 00:00:1682688536.910112   13925 keyboard.cc:35] Cannot create a keyboard with 0 valid keys
04-28 10:28:56.910 13789 13925 E native  : E0000 00:00:1682688536.910679   13925 keyboard.cc:35] Cannot create a keyboard with 0 valid keys
04-28 10:28:56.912 13789 13925 E native  : E0000 00:00:1682688536.912319   13925 keyboard.cc:35] Cannot create a keyboard with 0 valid keys
04-28 10:28:56.912 13789 13925 E native  : E0000 00:00:1682688536.912828   13925 keyboard.cc:35] Cannot create a keyboard with 0 valid keys
04-28 10:28:56.914 13789 13925 E native  : E0000 00:00:1682688536.914292   13925 keyboard.cc:35] Cannot create a keyboard with 0 valid keys
04-28 10:28:56.916 13789 13925 E native  : E0000 00:00:1682688536.916440   13925 keyboard.cc:35] Cannot create a keyboard with 0 valid keys
04-28 10:28:56.924 13789 13995 I native  : I0000 00:00:1682688536.924528   13995 input-context-store.cc:255] Ignoring stale client request for FetchSuggestions
04-28 10:28:56.928 13789 13995 I native  : I0000 00:00:1682688536.928543   13995 input-context-store.cc:178] Ignoring stale client request for OverrideDecodedCandidates
04-28 10:28:56.943 13789 13789 W InputContextProxy: InputContextProxy.applyClientDiffInternal():897 Ignore [FetchSuggestions] diff due to stale request: 141<142, inputStateId=0, lastInputStateId=107
04-28 10:28:57.243  1216  1216 I ViewInteraction: Performing 'single click' action on view with id: app.identifier:id/validateBtn
04-28 10:28:57.516  1216  1216 I ViewInteraction: Checking 'MatchesViewAssertion{viewMatcher=with text: is "Invalid"}' assertion on view with id: app.identifier:id/output
04-28 10:28:57.534  1216  1216 D LifecycleMonitor: Lifecycle status change: app.identifier.MainActivity@d140440 in: PAUSED
04-28 10:28:57.535  1216  1216 D LifecycleMonitor: running callback: androidx.test.core.app.ActivityScenario$1@4517f79
04-28 10:28:57.535  1216  1216 D LifecycleMonitor: callback completes: androidx.test.core.app.ActivityScenario$1@4517f79
04-28 10:28:57.538  1242  1242 W ActivityThread: handleWindowVisibility: no activity for token android.os.BinderProxy@ac8b0db
04-28 10:28:57.539  1881  2176 I GnssLocationProvider: WakeLock acquired by sendMessage(REPORT_SV_STATUS, 0, com.android.server.location.GnssLocationProvider$SvStatusInfo@ddf0ec5)
04-28 10:28:57.541  1881  1894 I GnssLocationProvider: WakeLock released by handleMessage(REPORT_SV_STATUS, 0, com.android.server.location.GnssLocationProvider$SvStatusInfo@ddf0ec5)
04-28 10:28:57.583  1641  1641 D gralloc_ranchu: gralloc_alloc: Creating ashmem region of size 7753728
04-28 10:28:57.585  1641  2201 D gralloc_ranchu: gralloc_alloc: Creating ashmem region of size 7753728
04-28 10:28:57.585  1641  1641 D gralloc_ranchu: gralloc_alloc: Creating ashmem region of size 7753728
04-28 10:28:57.596  1242  1279 D EGL_emulation: eglMakeCurrent: 0xec3c4520: ver 3 0 (tinfo 0xe4720710)
04-28 10:28:57.599  1242  1242 W ActivityThread: handleWindowVisibility: no activity for token android.os.BinderProxy@a18e8d
04-28 10:28:57.618  1739  1739 D SurfaceFlinger: duplicate layer name: changing app.identifier.test/androidx.test.core.app.InstrumentationActivityInvoker$EmptyActivity to app.identifier.test/androidx.test.core.app.InstrumentationActivityInvoker$EmptyActivity#1
04-28 10:28:57.621  1641  1641 D gralloc_ranchu: gralloc_alloc: Creating ashmem region of size 7753728
04-28 10:28:57.622  1641  2201 D gralloc_ranchu: gralloc_alloc: Creating ashmem region of size 7753728
04-28 10:28:57.622  1641  1641 D gralloc_ranchu: gralloc_alloc: Creating ashmem region of size 7753728
04-28 10:28:57.630 13789 13789 I GoogleInputMethodService: GoogleInputMethodService.onFinishInput():3302
04-28 10:28:57.630 13789 13789 I GoogleInputMethodService: GoogleInputMethodService.updateDeviceLockedStatus():2152 repeatCheckTimes = 0, unlocked = true
04-28 10:28:57.631 13789 13789 I GoogleInputMethodService: GoogleInputMethodService.onStartInput():1930 onStartInput(EditorInfo{inputType=0x0(NULL) imeOptions=0x0 privateImeOptions=null actionName=UNSPECIFIED actionLabel=null actionId=0 initialSelStart=-1 initialSelEnd=-1 initialCapsMode=0x0 hintText=null label=null packageName=app.identifier.test fieldId=-1 fieldName=null extras=null}, false)
04-28 10:28:57.631 13789 13789 I GoogleInputMethodService: GoogleInputMethodService.shouldHideHeaderOnInitialState():4116 ShouldHideHeaderOnInitialState = false
04-28 10:28:57.631 13789 13789 I GoogleInputMethodService: GoogleInputMethodService.updateDeviceLockedStatus():2152 repeatCheckTimes = 2, unlocked = true
04-28 10:28:57.632  1242  1279 D EGL_emulation: eglMakeCurrent: 0xec3c4520: ver 3 0 (tinfo 0xe4720710)
04-28 10:28:57.640  1739  1764 W SurfaceFlinger: Attempting to set client state on removed layer: app.identifier.test/androidx.test.core.app.InstrumentationActivityInvoker$EmptyActivity#0
04-28 10:28:57.640  1739  1764 W SurfaceFlinger: Attempting to destroy on removed layer: app.identifier.test/androidx.test.core.app.InstrumentationActivityInvoker$EmptyActivity#0
04-28 10:28:57.643  1739  1739 W SurfaceFlinger: couldn't log to binary event log: overflow.
04-28 10:28:57.648  1641  1641 D gralloc_ranchu: gralloc_alloc: Creating ashmem region of size 8298496
04-28 10:28:57.652  1641  2201 D gralloc_ranchu: gralloc_alloc: Creating ashmem region of size 8298496
04-28 10:28:57.655  1641  1641 D gralloc_ranchu: gralloc_alloc: Creating ashmem region of size 8298496
04-28 10:28:57.662 14390 14443 D EGL_emulation: eglMakeCurrent: 0xe4793f60: ver 3 0 (tinfo 0xc2740410)
04-28 10:28:57.665  1739  1739 D SurfaceFlinger: duplicate layer name: changing com.google.android.apps.nexuslauncher/com.google.android.apps.nexuslauncher.NexusLauncherActivity to com.google.android.apps.nexuslauncher/com.google.android.apps.nexuslauncher.NexusLauncherActivity#1
04-28 10:28:57.667  1641  1641 D gralloc_ranchu: gralloc_alloc: Creating ashmem region of size 8298496
04-28 10:28:57.669  1641  1641 D gralloc_ranchu: gralloc_alloc: Creating ashmem region of size 8298496
04-28 10:28:57.670  1641  2201 D gralloc_ranchu: gralloc_alloc: Creating ashmem region of size 8298496
04-28 10:28:57.672 14390 14470 I A       : getLocaleToModelSpecsMap
04-28 10:28:57.675 14390 14470 I A       : getLocaleToModelSpecsMap
04-28 10:28:57.678  2595  2730 D EGL_emulation: eglMakeCurrent: 0xd0aa1860: ver 3 0 (tinfo 0xd12ac840)
04-28 10:28:57.688 13789 13789 I GoogleInputMethodService: GoogleInputMethodService.onFinishInput():3302
04-28 10:28:57.688 13789 13789 I GoogleInputMethodService: GoogleInputMethodService.updateDeviceLockedStatus():2152 repeatCheckTimes = 0, unlocked = true
04-28 10:28:57.688 13789 13789 I GoogleInputMethodService: GoogleInputMethodService.onStartInput():1930 onStartInput(EditorInfo{inputType=0x0(NULL) imeOptions=0x0 privateImeOptions=null actionName=UNSPECIFIED actionLabel=null actionId=0 initialSelStart=-1 initialSelEnd=-1 initialCapsMode=0x0 hintText=null label=null packageName=com.google.android.apps.nexuslauncher fieldId=-1 fieldName=null extras=null}, false)
04-28 10:28:57.688 13789 13789 I GoogleInputMethodService: GoogleInputMethodService.shouldHideHeaderOnInitialState():4116 ShouldHideHeaderOnInitialState = false
04-28 10:28:57.689 13789 13789 I GoogleInputMethodService: GoogleInputMethodService.updateDeviceLockedStatus():2152 repeatCheckTimes = 2, unlocked = true
04-28 10:28:57.695  1242  1279 D EGL_emulation: eglMakeCurrent: 0xec3c4520: ver 3 0 (tinfo 0xe4720710)
04-28 10:28:57.696  2015  2262 D EGL_emulation: eglMakeCurrent: 0xcf487120: ver 3 0 (tinfo 0xe475ecc0)
04-28 10:28:57.697  1216  1269 D EGL_emulation: eglMakeCurrent: 0xe6185300: ver 3 0 (tinfo 0xe6183720)
04-28 10:28:57.711  1216  1216 D LifecycleMonitor: Lifecycle status change: app.identifier.MainActivity@d140440 in: STOPPED
04-28 10:28:57.711  1216  1216 D LifecycleMonitor: running callback: androidx.test.core.app.ActivityScenario$1@4517f79
04-28 10:28:57.712  1216  1216 D LifecycleMonitor: callback completes: androidx.test.core.app.ActivityScenario$1@4517f79
04-28 10:28:57.715  1216  1216 D LifecycleMonitor: Lifecycle status change: app.identifier.MainActivity@d140440 in: DESTROYED
04-28 10:28:57.715  1216  1216 D LifecycleMonitor: running callback: androidx.test.core.app.ActivityScenario$1@4517f79
04-28 10:28:57.715  1216  1216 D LifecycleMonitor: callback completes: androidx.test.core.app.ActivityScenario$1@4517f79
04-28 10:28:57.716  1216  1240 I TestRunner: finished: test02(app.identifier.IdentifierUITest)
