04-28 10:28:57.720  1216  1240 I TestRunner: started: test03(app.identifier.IdentifierUITest)
04-28 10:28:57.724  1739  1764 W SurfaceFlinger: Attempting to destroy on removed layer: AppWindowToken{a1c8167 token=Token{9ef4126 ActivityRecord{1203c81 u0 app.identifier/.MainActivity t181}}}#0
04-28 10:28:57.726  1216  1240 W Settings: Setting always_finish_activities has moved from android.provider.Settings.System to android.provider.Settings.Global, returning read-only value.
04-28 10:28:57.727  1739  1739 W SurfaceFlinger: couldn't log to binary event log: overflow.
04-28 10:28:57.735  1242  1242 W ActivityThread: handleWindowVisibility: no activity for token android.os.BinderProxy@fd70245
04-28 10:28:57.750  1216  1216 W ActivityThread: handleWindowVisibility: no activity for token android.os.BinderProxy@48a7f48
04-28 10:28:57.754  1216  1216 D LifecycleMonitor: Lifecycle status change: app.identifier.MainActivity@abf2b1d in: PRE_ON_CREATE
04-28 10:28:57.754  1216  1216 D LifecycleMonitor: running callback: androidx.test.core.app.ActivityScenario$1@7f66192
04-28 10:28:57.754  1216  1216 D LifecycleMonitor: callback completes: androidx.test.core.app.ActivityScenario$1@7f66192
04-28 10:28:57.762  1641  2201 D gralloc_ranchu: gralloc_alloc: Creating ashmem region of size 7753728
04-28 10:28:57.773  1216  1216 D LifecycleMonitor: Lifecycle status change: app.identifier.MainActivity@abf2b1d in: CREATED
04-28 10:28:57.774  1216  1216 D LifecycleMonitor: running callback: androidx.test.core.app.ActivityScenario$1@7f66192
04-28 10:28:57.774  1216  1216 D LifecycleMonitor: callback completes: androidx.test.core.app.ActivityScenario$1@7f66192
04-28 10:28:57.776  1216  1216 D LifecycleMonitor: Lifecycle status change: app.identifier.MainActivity@abf2b1d in: STARTED
04-28 10:28:57.776  1216  1216 D LifecycleMonitor: running callback: androidx.test.core.app.ActivityScenario$1@7f66192
04-28 10:28:57.776  1216  1216 D LifecycleMonitor: callback completes: androidx.test.core.app.ActivityScenario$1@7f66192
04-28 10:28:57.777  1216  1216 D LifecycleMonitor: Lifecycle status change: app.identifier.MainActivity@abf2b1d in: RESUMED
04-28 10:28:57.777  1216  1216 D LifecycleMonitor: running callback: androidx.test.core.app.ActivityScenario$1@7f66192
04-28 10:28:57.777  1216  1216 D LifecycleMonitor: callback completes: androidx.test.core.app.ActivityScenario$1@7f66192
04-28 10:28:57.795  2015  2262 D EGL_emulation: eglMakeCurrent: 0xcf487120: ver 3 0 (tinfo 0xe475ecc0)
04-28 10:28:57.804  1641  2201 D gralloc_ranchu: gralloc_alloc: Creating ashmem region of size 8298496
04-28 10:28:57.805  1641  1641 D gralloc_ranchu: gralloc_alloc: Creating ashmem region of size 8298496
04-28 10:28:57.805  1641  2201 D gralloc_ranchu: gralloc_alloc: Creating ashmem region of size 8298496
04-28 10:28:57.812  2595  2730 D EGL_emulation: eglMakeCurrent: 0xd0aa1860: ver 3 0 (tinfo 0xd12ac840)
04-28 10:28:57.812 14390 14443 D EGL_emulation: eglMakeCurrent: 0xe4793f60: ver 3 0 (tinfo 0xc2740410)
04-28 10:28:57.815 13789 13789 I GoogleInputMethodService: GoogleInputMethodService.onFinishInput():3302
04-28 10:28:57.816 13789 13789 I GoogleInputMethodService: GoogleInputMethodService.updateDeviceLockedStatus():2152 repeatCheckTimes = 0, unlocked = true
04-28 10:28:57.816 13789 13789 I GoogleInputMethodService: GoogleInputMethodService.onStartInput():1930 onStartInput(EditorInfo{inputType=0x0(NULL) imeOptions=0x0 privateImeOptions=null actionName=UNSPECIFIED actionLabel=null actionId=0 initialSelStart=-1 initialSelEnd=-1 initialCapsMode=0x0 hintText=null label=null packageName=app.identifier fieldId=-1 fieldName=null extras=null}, false)
04-28 10:28:57.816 13789 13789 I GoogleInputMethodService: GoogleInputMethodService.shouldHideHeaderOnInitialState():4116 ShouldHideHeaderOnInitialState = false
04-28 10:28:57.816 13789 13789 I GoogleInputMethodService: GoogleInputMethodService.updateDeviceLockedStatus():2152 repeatCheckTimes = 2, unlocked = true
04-28 10:28:57.820  1216  1269 D EGL_emulation: eglMakeCurrent: 0xe6185300: ver 3 0 (tinfo 0xe6183720)
04-28 10:28:57.825  1881  1904 I ActivityManager: Displayed app.identifier/.MainActivity: +74ms (total +288ms)
04-28 10:28:57.830  1739  1773 W SurfaceFlinger: Attempting to set client state on removed layer: Splash Screen app.identifier.test#0
04-28 10:28:57.830  1739  1773 W SurfaceFlinger: Attempting to destroy on removed layer: Splash Screen app.identifier.test#0
04-28 10:28:57.831  2015  2262 D EGL_emulation: eglMakeCurrent: 0xcf487120: ver 3 0 (tinfo 0xe475ecc0)
04-28 10:28:57.832  1216  1216 I ViewInteraction: Performing 'type text(0)' action on view with id: app.identifier:id/input
04-28 10:28:57.838 14390  1273 I PBSessionCacheImpl: (REDACTED) Deleted sessionId[%d] from persistence.
04-28 10:28:57.840 14390 14470 W SearchServiceCore: Abort, client detached.
04-28 10:28:57.847  2015  2262 D EGL_emulation: eglMakeCurrent: 0xcf487120: ver 3 0 (tinfo 0xe475ecc0)
04-28 10:28:57.862  1739  1739 W SurfaceFlinger: couldn't log to binary event log: overflow.
04-28 10:28:57.879 13789 13789 I GoogleInputMethodService: GoogleInputMethodService.onFinishInput():3302
04-28 10:28:57.879 13789 13789 I GoogleInputMethodService: GoogleInputMethodService.updateDeviceLockedStatus():2152 repeatCheckTimes = 0, unlocked = true
04-28 10:28:57.879 13789 13789 I GoogleInputMethodService: GoogleInputMethodService.onStartInput():1930 onStartInput(EditorInfo{inputType=0x61(PersonName) imeOptions=0x6 privateImeOptions=null actionName=DONE actionLabel=null actionId=0 initialSelStart=0 initialSelEnd=0 initialCapsMode=0x0 hintText=null label=null packageName=app.identifier fieldId=2131230887 fieldName=null extras=Bundle[mParcelledData.dataSize=484]}, false)
04-28 10:28:57.879 13789 13789 I GoogleInputMethodService: GoogleInputMethodService.shouldHideHeaderOnInitialState():4116 ShouldHideHeaderOnInitialState = false
04-28 10:28:57.879 13789 13789 I GoogleInputMethodService: GoogleInputMethodService.updateDeviceLockedStatus():2152 repeatCheckTimes = 2, unlocked = true
04-28 10:28:57.880 13789 13789 I DeviceModeUtil: DeviceModeUtil.getDeviceMode():123 Get device mode phone by ui mode:1 and smallestScreenWidthDp:411
04-28 10:28:57.881 13789 13789 I GoogleInputMethodService: GoogleInputMethodService.onStartInputView():2052 onStartInputView(EditorInfo{inputType=0x61(PersonName) imeOptions=0x6 privateImeOptions=null actionName=DONE actionLabel=null actionId=0 initialSelStart=0 initialSelEnd=0 initialCapsMode=0x0 hintText=null label=null packageName=app.identifier fieldId=2131230887 fieldName=null extras=Bundle[{androidx.core.view.inputmethod.EditorInfoCompat.CONTENT_SELECTION_HEAD=0, androidx.core.view.inputmethod.EditorInfoCompat.CONTENT_SELECTION_END=0, androidx.core.view.inputmethod.EditorInfoCompat.CONTENT_SURROUNDING_TEXT=}]}, false)
04-28 10:28:57.881 13789 13789 I GoogleInputMethodService: GoogleInputMethodService.updateDeviceLockedStatus():2152 repeatCheckTimes = 2, unlocked = true
04-28 10:28:57.882 13789 13789 W ModuleManager: ModuleManager.loadModule():453 Module esg is not available
04-28 10:28:57.882 13789 13858 I DeviceModeUtil: DeviceModeUtil.getDeviceMode():123 Get device mode phone by ui mode:1 and smallestScreenWidthDp:411
04-28 10:28:57.884  1216  1216 I AssistStructure: Flattened final assist data: 2756 bytes, containing 1 windows, 10 views
04-28 10:28:57.886  1881  2167 I AssistStructure: Flattened final assist data: 2640 bytes, containing 1 windows, 10 views
04-28 10:28:57.887 14273 14273 W AutofillChimeraService: Pending fill request while another request in the same session was triggered. [CONTEXT service_id=177 ]
04-28 10:28:57.898 13789 13789 I KeyboardViewUtil: KeyboardViewUtil.getKeyboardHeightRatio():189 systemKeyboardHeightRatio:1.000000; userKeyboardHeightRatio:1.000000.
04-28 10:28:57.898 13789 13789 I AndroidIME: AbstractIme.onActivate():86 LatinIme.onActivate() : EditorInfo = inputType=0x61(PersonName) imeOptions=0x6 privateImeOptions=null actionName=DONE actionLabel=null actionId=0 initialSelStart=0 initialSelEnd=0 initialCapsMode=0x0 hintText=null label=null packageName=app.identifier fieldId=2131230887 fieldName=null extras=Bundle[{androidx.core.view.inputmethod.EditorInfoCompat.CONTENT_SELECTION_HEAD=0, androidx.core.view.inputmethod.EditorInfoCompat.CONTENT_SELECTION_END=0, androidx.core.view.inputmethod.EditorInfoCompat.CONTENT_SURROUNDING_TEXT=}], IncognitoMode = false, DeviceLocked = false
04-28 10:28:57.900 13789 13789 I Delight5Facilitator: Delight5Facilitator.initializeForIme():777 initializeForIme() : Locale = [en_US], layout = qwerty
04-28 10:28:57.900 13789 13789 I VoiceInputManagerWrapper: VoiceInputManagerWrapper.cancelShutdown():55 cancelShutdown()
04-28 10:28:57.900 13789 13789 I VoiceInputManagerWrapper: VoiceInputManagerWrapper.syncLanguagePacks():67 syncLanguagePacks()
04-28 10:28:57.900 13789 15473 I SpeechFactory: SpeechRecognitionFactory.maybeScheduleAutoPackDownloadForFallback():205 maybeScheduleAutoPackDownloadForFallback()
04-28 10:28:57.900 13789 13789 I LatinIme: LatinIme.updateEnableInlineSuggestionsOnDecoderSideFlags():1014 inline flag updated to:false
04-28 10:28:57.900 13789 15473 I FallbackOnDeviceRecognitionProvider: FallbackOnDeviceRecognitionProvider.maybeScheduleAutoPackDownload():195 maybeScheduleAutoPackDownload() for language tag en-US
04-28 10:28:57.902 13789 13789 I KeyboardWrapper: KeyboardWrapper.consumeEvent():281 Skip consuming an event as current keyboard is deactivated (state=0, keyboard existence=true)
04-28 10:28:57.904 13789 13789 I KeyboardViewUtil: KeyboardViewUtil.calculateMaxKeyboardBodyHeight():40 leave 354 height for app when screen height:1794, header height:116 and isFullscreenMode:false, so the max keyboard body height is:1324
04-28 10:28:57.904 13789 13789 W Keyboard: Keyboard.getKeyboardViewHelper():616 null helper is returned: keyboardDef=iko{className=.latin.keyboard.LatinPrimeKeyboard, id=#0x7f0b04fe, initialStates=0, keyboardViewDefs=[ilh{direction=null, id=#0x7f0b0139, isScalable=true, layoutId=#0x7f0e02cc, type=BODY, touchable=true}, ilh{direction=null, id=#0x7f0b0139, isScalable=false, layoutId=#0x7f0e0170, type=FLOATING_CANDIDATES, touchable=false}, ilh{direction=null, id=#0x7f0b0139, isScalable=false, layoutId=#0x7f0e0441, type=HEADER, touchable=true}], keyTextSizeRatio=1.0, persistentStates=0, persistentStatesPrefKey=null, popupBubbleLayoutId=#0x7f0e051a, recentKeyLayoutId=0, recentKeyPopupLayoutId=0, recentKeyType=null, rememberRecentKey=NONE, sessionStates=17592186044419}, type=WIDGET, helpersCreated=[ibz@81603f8, ibz@6570d1, ibz@636e736, null],
04-28 10:28:57.904 13789 13789 I DeviceModeUtil: DeviceModeUtil.getDeviceMode():123 Get device mode phone by ui mode:1 and smallestScreenWidthDp:411
04-28 10:28:57.905 13789 13789 I GoogleInputMethodService: GoogleInputMethodService.setKeyboardViewShown():3561 setKeyboardViewShown() : type = HEADER, shownType = SHOW_OPTIONAL
04-28 10:28:57.905 13789 13789 I GoogleInputMethodService: GoogleInputMethodService.setKeyboardViewShown():3608 setKeyboardViewShown() : shouldShow = true
04-28 10:28:57.905 13789 13789 I GoogleInputMethodService: GoogleInputMethodService.setKeyboardViewShown():3561 setKeyboardViewShown() : type = BODY, shownType = SHOW_MANDATORY
04-28 10:28:57.905 13789 13789 I GoogleInputMethodService: GoogleInputMethodService.setKeyboardViewShown():3608 setKeyboardViewShown() : shouldShow = true
04-28 10:28:57.905 13789 13789 I GoogleInputMethodService: GoogleInputMethodService.setKeyboardViewShown():3561 setKeyboardViewShown() : type = FLOATING_CANDIDATES, shownType = HIDE
04-28 10:28:57.905 13789 13789 I GoogleInputMethodService: GoogleInputMethodService.setKeyboardViewShown():3608 setKeyboardViewShown() : shouldShow = false
04-28 10:28:57.905 13789 13789 W Keyboard: Keyboard.getKeyboardViewHelper():616 null helper is returned: keyboardDef=iko{className=.latin.keyboard.LatinPrimeKeyboard, id=#0x7f0b04fe, initialStates=0, keyboardViewDefs=[ilh{direction=null, id=#0x7f0b0139, isScalable=true, layoutId=#0x7f0e02cc, type=BODY, touchable=true}, ilh{direction=null, id=#0x7f0b0139, isScalable=false, layoutId=#0x7f0e0170, type=FLOATING_CANDIDATES, touchable=false}, ilh{direction=null, id=#0x7f0b0139, isScalable=false, layoutId=#0x7f0e0441, type=HEADER, touchable=true}], keyTextSizeRatio=1.0, persistentStates=0, persistentStatesPrefKey=null, popupBubbleLayoutId=#0x7f0e051a, recentKeyLayoutId=0, recentKeyPopupLayoutId=0, recentKeyType=null, rememberRecentKey=NONE, sessionStates=17592186044419}, type=WIDGET, helpersCreated=[ibz@81603f8, ibz@6570d1, ibz@636e736, null],
04-28 10:28:57.905 13789 13789 I GoogleInputMethodService: GoogleInputMethodService.setKeyboardViewShown():3561 setKeyboardViewShown() : type = WIDGET, shownType = HIDE
04-28 10:28:57.905 13789 13789 I GoogleInputMethodService: GoogleInputMethodService.setKeyboardViewShown():3608 setKeyboardViewShown() : shouldShow = false
04-28 10:28:57.905 13789 13789 I KeyboardViewUtil: KeyboardViewUtil.calculateMaxKeyboardBodyHeight():40 leave 354 height for app when screen height:1794, header height:116 and isFullscreenMode:false, so the max keyboard body height is:1324
04-28 10:28:57.906 13789 13789 I DeviceModeUtil: DeviceModeUtil.getDeviceMode():123 Get device mode phone by ui mode:1 and smallestScreenWidthDp:411
04-28 10:28:57.907 13789 13789 I chatty  : uid=10072(com.google.android.inputmethod.latin) identical 1 line
04-28 10:28:57.907 13789 13789 I DeviceModeUtil: DeviceModeUtil.getDeviceMode():123 Get device mode phone by ui mode:1 and smallestScreenWidthDp:411
04-28 10:28:57.907 13789 13789 I KeyboardModeManager: KeyboardModeManager.setInputView():372 setInputView() : supportsOneHandedMode=true
04-28 10:28:57.907 13789 13789 I NormalModeController: NormalModeController.getKeyboardBodyViewHolderPaddingBottom():116 currentPrimeKeyboardType:SOFT systemPaddingBottom:-1
04-28 10:28:57.908 13789 13789 I NormalModeController: NormalModeController.getKeyboardBodyViewHolderPaddingBottom():116 currentPrimeKeyboardType:SOFT systemPaddingBottom:-1
04-28 10:28:57.909 13789 13789 I KeyboardModeManager: KeyboardModeManager.setInputView():364 setInputView() : entry=hyt{languageTag=en-US, variant=qwerty, hasLocalizedResources=true, conditionCacheKey=_device=phone_device_size=default_enable_adaptive_text_editing=true_enable_inline_suggestions_on_client_side=true_enable_large_tablet_batch_1=false_enable_large_tablet_batch_2=false_enable_more_candidates_view_for_multilingual=false_enable_nav_redesign=false_enable_navbar_motion=false_enable_number_row=false_enable_preemptive_decode=true_enable_secondary_symbols=false_expressions=normal_four_or_more_letter_rows=false_keyboard_mode=normal_language=en-US_orientation=portrait_physical_keyboard=qwerty_show_secondary_digits=true_show_suggestions=true_split_with_duplicate_keys=true_variant=qwerty, imeDef.stringId=ime_english_united_states, imeDef.className=com.google.android.apps.inputmethod.libs.latin5.LatinIme, imeDef.languageTag=en-US}
04-28 10:28:57.910 13789 13789 I VoiceImeExtension: VoiceImeExtension.shouldStartVoiceInputAutomatically():383 No private IME option set to start voice input.
04-28 10:28:57.912 25009 25009 D BoundBrokerSvc: onBind: Intent { act=com.google.android.gms.common.BIND_SHARED_PREFS pkg=com.google.android.gms }
04-28 10:28:57.912 25009 25009 D BoundBrokerSvc: Loading bound service for intent: Intent { act=com.google.android.gms.common.BIND_SHARED_PREFS pkg=com.google.android.gms }
04-28 10:28:57.913 25009 25009 D BoundBrokerSvc: onUnbind: Intent { act=com.google.android.gms.common.BIND_SHARED_PREFS pkg=com.google.android.gms }
04-28 10:28:57.915  1641  2201 D gralloc_ranchu: gralloc_alloc: Creating ashmem region of size 8024064
04-28 10:28:57.917 13789 13789 I DeviceModeUtil: DeviceModeUtil.getDeviceMode():123 Get device mode phone by ui mode:1 and smallestScreenWidthDp:411
04-28 10:28:57.917 13789 13789 I DeviceModeUtil: DeviceModeUtil.getDeviceMode():123 Get device mode phone by ui mode:1 and smallestScreenWidthDp:411
04-28 10:28:57.917 13789 13789 I NormalModeController: NormalModeController.getKeyboardBodyViewHolderPaddingBottom():116 currentPrimeKeyboardType:SOFT systemPaddingBottom:-1
04-28 10:28:57.918 13789 13995 I Delight5Decoder: Delight5DecoderWrapper.setKeyboardLayout():458 setKeyboardLayout()
04-28 10:28:57.921 25009 25009 D BoundBrokerSvc: onBind: Intent { act=com.google.android.gms.common.BIND_SHARED_PREFS pkg=com.google.android.gms }
04-28 10:28:57.921 25009 25009 D BoundBrokerSvc: Loading bound service for intent: Intent { act=com.google.android.gms.common.BIND_SHARED_PREFS pkg=com.google.android.gms }
04-28 10:28:57.922 25009 25009 D BoundBrokerSvc: onUnbind: Intent { act=com.google.android.gms.common.BIND_SHARED_PREFS pkg=com.google.android.gms }
04-28 10:28:57.930  1641  2201 D gralloc_ranchu: gralloc_alloc: Creating ashmem region of size 24576
04-28 10:28:57.931 13789 15479 D EGL_emulation: eglMakeCurrent: 0xcb3628a0: ver 3 0 (tinfo 0xcc599460)
04-28 10:28:57.932  1641  2201 D gralloc_ranchu: gralloc_alloc: Creating ashmem region of size 24576
04-28 10:28:57.935  1641  2201 D gralloc_ranchu: gralloc_alloc: Creating ashmem region of size 8024064
04-28 10:28:58.068 14273 14273 D BoundBrokerSvc: onUnbind: Intent { act=com.google.android.gms.scheduler.ACTION_PROXY_SCHEDULE dat=chimera-action: cmp=com.google.android.gms/.chimera.PersistentApiService }
04-28 10:28:58.263  1216  1216 D UiControllerImpl: Injecting string: "0"
04-28 10:28:58.315  1216  1216 I ViewInteraction: Performing 'close keyboard' action on view is a root view.
04-28 10:28:58.322 13789 13789 I GoogleInputMethodService: GoogleInputMethodService.onFinishInputView():2306
04-28 10:28:58.328 13789 13789 I KeyboardWrapper: KeyboardWrapper.consumeEvent():281 Skip consuming an event as current keyboard is deactivated (state=0, keyboard existence=true)
04-28 10:28:58.328 13789 13789 I VoiceInputManagerWrapper: VoiceInputManagerWrapper.shutdown():77 shutdown()
04-28 10:28:58.329 13789 13789 I AndroidIME: AbstractIme.onDeactivate():207 LatinIme.onDeactivate()
04-28 10:28:58.333  1641  2201 D gralloc_ranchu: gralloc_alloc: Creating ashmem region of size 24576
04-28 10:28:58.340  1641  2201 D gralloc_ranchu: gralloc_alloc: Creating ashmem region of size 24576
04-28 10:28:58.343 13789 13925 E native  : E0000 00:00:1682688538.343077   13925 keyboard.cc:35] Cannot create a keyboard with 0 valid keys
04-28 10:28:58.344 13789 13925 E native  : E0000 00:00:1682688538.343390   13925 keyboard.cc:35] Cannot create a keyboard with 0 valid keys
04-28 10:28:58.346 13789 13925 E native  : E0000 00:00:1682688538.346165   13925 keyboard.cc:35] Cannot create a keyboard with 0 valid keys
04-28 10:28:58.346 13789 13925 E native  : E0000 00:00:1682688538.346492   13925 keyboard.cc:35] Cannot create a keyboard with 0 valid keys
04-28 10:28:58.351 13789 15479 D EGL_emulation: eglMakeCurrent: 0xcb3628a0: ver 3 0 (tinfo 0xcc599460)
04-28 10:28:58.353 13789 13925 E native  : E0000 00:00:1682688538.352589   13925 keyboard.cc:35] Cannot create a keyboard with 0 valid keys
04-28 10:28:58.355 13789 13925 E native  : E0000 00:00:1682688538.355854   13925 keyboard.cc:35] Cannot create a keyboard with 0 valid keys
04-28 10:28:58.539  1881  2176 I GnssLocationProvider: WakeLock acquired by sendMessage(REPORT_SV_STATUS, 0, com.android.server.location.GnssLocationProvider$SvStatusInfo@9295863)
04-28 10:28:58.539  1881  1894 I GnssLocationProvider: WakeLock released by handleMessage(REPORT_SV_STATUS, 0, com.android.server.location.GnssLocationProvider$SvStatusInfo@9295863)
04-28 10:28:58.661  1216  1216 I ViewInteraction: Performing 'single click' action on view with id: app.identifier:id/validateBtn
04-28 10:28:58.954  1216  1216 I ViewInteraction: Checking 'MatchesViewAssertion{viewMatcher=with text: is "Invalid"}' assertion on view with id: app.identifier:id/output
04-28 10:28:58.977  1216  1216 D LifecycleMonitor: Lifecycle status change: app.identifier.MainActivity@abf2b1d in: PAUSED
04-28 10:28:58.977  1216  1216 D LifecycleMonitor: running callback: androidx.test.core.app.ActivityScenario$1@7f66192
04-28 10:28:58.977  1216  1216 D LifecycleMonitor: callback completes: androidx.test.core.app.ActivityScenario$1@7f66192
04-28 10:28:58.980  1242  1242 W ActivityThread: handleWindowVisibility: no activity for token android.os.BinderProxy@16a7dc1
04-28 10:28:59.065  1641  2201 D gralloc_ranchu: gralloc_alloc: Creating ashmem region of size 7753728
04-28 10:28:59.069  1641  1641 D gralloc_ranchu: gralloc_alloc: Creating ashmem region of size 7753728
04-28 10:28:59.074  1641  2201 D gralloc_ranchu: gralloc_alloc: Creating ashmem region of size 7753728
04-28 10:28:59.109  1242  1279 D EGL_emulation: eglMakeCurrent: 0xec3c4520: ver 3 0 (tinfo 0xe4720710)
04-28 10:28:59.118  1242  1242 W ActivityThread: handleWindowVisibility: no activity for token android.os.BinderProxy@84c0443
04-28 10:28:59.158  1739  1739 D SurfaceFlinger: duplicate layer name: changing app.identifier.test/androidx.test.core.app.InstrumentationActivityInvoker$EmptyActivity to app.identifier.test/androidx.test.core.app.InstrumentationActivityInvoker$EmptyActivity#1
04-28 10:28:59.160  1641  1641 D gralloc_ranchu: gralloc_alloc: Creating ashmem region of size 7753728
04-28 10:28:59.161  1641  2201 D gralloc_ranchu: gralloc_alloc: Creating ashmem region of size 7753728
04-28 10:28:59.162  1641  1641 D gralloc_ranchu: gralloc_alloc: Creating ashmem region of size 7753728
04-28 10:28:59.168 13789 13789 I GoogleInputMethodService: GoogleInputMethodService.onFinishInput():3302
04-28 10:28:59.169 13789 13789 I GoogleInputMethodService: GoogleInputMethodService.updateDeviceLockedStatus():2152 repeatCheckTimes = 0, unlocked = true
04-28 10:28:59.169 13789 13789 I GoogleInputMethodService: GoogleInputMethodService.onStartInput():1930 onStartInput(EditorInfo{inputType=0x0(NULL) imeOptions=0x0 privateImeOptions=null actionName=UNSPECIFIED actionLabel=null actionId=0 initialSelStart=-1 initialSelEnd=-1 initialCapsMode=0x0 hintText=null label=null packageName=app.identifier.test fieldId=-1 fieldName=null extras=null}, false)
04-28 10:28:59.169 13789 13789 I GoogleInputMethodService: GoogleInputMethodService.shouldHideHeaderOnInitialState():4116 ShouldHideHeaderOnInitialState = false
04-28 10:28:59.169 13789 13789 I GoogleInputMethodService: GoogleInputMethodService.updateDeviceLockedStatus():2152 repeatCheckTimes = 2, unlocked = true
04-28 10:28:59.172  1242  1279 D EGL_emulation: eglMakeCurrent: 0xec3c4520: ver 3 0 (tinfo 0xe4720710)
04-28 10:28:59.178  1739  1773 W SurfaceFlinger: Attempting to set client state on removed layer: app.identifier.test/androidx.test.core.app.InstrumentationActivityInvoker$EmptyActivity#0
04-28 10:28:59.178  1739  1773 W SurfaceFlinger: Attempting to destroy on removed layer: app.identifier.test/androidx.test.core.app.InstrumentationActivityInvoker$EmptyActivity#0
04-28 10:28:59.187  1739  1739 W SurfaceFlinger: couldn't log to binary event log: overflow.
04-28 10:28:59.192  1641  1641 D gralloc_ranchu: gralloc_alloc: Creating ashmem region of size 8298496
04-28 10:28:59.193  1641  2201 D gralloc_ranchu: gralloc_alloc: Creating ashmem region of size 8298496
04-28 10:28:59.195  1641  2201 D gralloc_ranchu: gralloc_alloc: Creating ashmem region of size 8298496
04-28 10:28:59.205 14390 14443 D EGL_emulation: eglMakeCurrent: 0xe4793f60: ver 3 0 (tinfo 0xc2740410)
04-28 10:28:59.210  1739  1739 D SurfaceFlinger: duplicate layer name: changing com.google.android.apps.nexuslauncher/com.google.android.apps.nexuslauncher.NexusLauncherActivity to com.google.android.apps.nexuslauncher/com.google.android.apps.nexuslauncher.NexusLauncherActivity#1
04-28 10:28:59.211  1641  2201 D gralloc_ranchu: gralloc_alloc: Creating ashmem region of size 8298496
04-28 10:28:59.212  1641  1641 D gralloc_ranchu: gralloc_alloc: Creating ashmem region of size 8298496
04-28 10:28:59.213  1641  1695 D gralloc_ranchu: gralloc_alloc: Creating ashmem region of size 8298496
04-28 10:28:59.222  2595  2730 D EGL_emulation: eglMakeCurrent: 0xd0aa1860: ver 3 0 (tinfo 0xd12ac840)
04-28 10:28:59.229 14390 14470 I A       : getLocaleToModelSpecsMap
04-28 10:28:59.230 13789 13789 I GoogleInputMethodService: GoogleInputMethodService.onFinishInput():3302
04-28 10:28:59.231 13789 13789 I GoogleInputMethodService: GoogleInputMethodService.updateDeviceLockedStatus():2152 repeatCheckTimes = 0, unlocked = true
04-28 10:28:59.232 13789 13789 I GoogleInputMethodService: GoogleInputMethodService.onStartInput():1930 onStartInput(EditorInfo{inputType=0x0(NULL) imeOptions=0x0 privateImeOptions=null actionName=UNSPECIFIED actionLabel=null actionId=0 initialSelStart=-1 initialSelEnd=-1 initialCapsMode=0x0 hintText=null label=null packageName=com.google.android.apps.nexuslauncher fieldId=-1 fieldName=null extras=null}, false)
04-28 10:28:59.232 13789 13789 I GoogleInputMethodService: GoogleInputMethodService.shouldHideHeaderOnInitialState():4116 ShouldHideHeaderOnInitialState = false
04-28 10:28:59.232 13789 13789 I GoogleInputMethodService: GoogleInputMethodService.updateDeviceLockedStatus():2152 repeatCheckTimes = 2, unlocked = true
04-28 10:28:59.234 14390 14470 I A       : getLocaleToModelSpecsMap
04-28 10:28:59.238  1242  1279 D EGL_emulation: eglMakeCurrent: 0xec3c4520: ver 3 0 (tinfo 0xe4720710)
04-28 10:28:59.242  1216  1269 D EGL_emulation: eglMakeCurrent: 0xe6185300: ver 3 0 (tinfo 0xe6183720)
04-28 10:28:59.247  1216  1216 D LifecycleMonitor: Lifecycle status change: app.identifier.MainActivity@abf2b1d in: STOPPED
04-28 10:28:59.247  1216  1216 D LifecycleMonitor: running callback: androidx.test.core.app.ActivityScenario$1@7f66192
04-28 10:28:59.247  1216  1216 D LifecycleMonitor: callback completes: androidx.test.core.app.ActivityScenario$1@7f66192
04-28 10:28:59.248  1216  1216 D LifecycleMonitor: Lifecycle status change: app.identifier.MainActivity@abf2b1d in: DESTROYED
04-28 10:28:59.248  1216  1216 D LifecycleMonitor: running callback: androidx.test.core.app.ActivityScenario$1@7f66192
04-28 10:28:59.248  1216  1216 D LifecycleMonitor: callback completes: androidx.test.core.app.ActivityScenario$1@7f66192
04-28 10:28:59.248  1216  1240 I TestRunner: finished: test03(app.identifier.IdentifierUITest)
